Component: ARM Compiler 5.06 update 7 (build 960) Tool: armlink [4d3601]

==============================================================================

Section Cross References

    system_stm32f10x.o(.text) refers to system_stm32f10x.o(.data) for SystemCoreClock
    uartsend_use_int.o(.text) refers to stm32f10x_rcc.o(.text) for RCC_APB2PeriphClockCmd
    uartsend_use_int.o(.text) refers to stm32f10x_gpio.o(.text) for GPIO_Init
    uartsend_use_int.o(.text) refers to misc.o(.text) for NVIC_Init
    uartsend_use_int.o(.text) refers to stm32f10x_usart.o(.text) for USART_Init
    uartsend_use_int.o(.text) refers to delay.o(.text) for delay_init
    uartsend_use_int.o(.text) refers to led.o(.text) for LED_Init
    uartsend_use_int.o(.text) refers to timer.o(.text) for TIM3_Int_Init
    uartsend_use_int.o(.text) refers to test.o(.text) for test_init
    uartsend_use_int.o(.text) refers to uartsend_use_int.o(.bss) for G_UART_Context_Var
    uartsend_use_int.o(.text) refers to uartsend_use_int.o(.data) for TxCounter1
    test.o(.text) refers to test_uart.o(.text) for test_uart_init
    test.o(.text) refers to c89vsprintf.o(.text) for __c89vsprintf
    test.o(.text) refers to strlen.o(.text) for strlen
    test.o(.text) refers to test.o(.data) for AutoTestRecved
    test_uart.o(.text) refers to uartsend_use_int.o(.text) for bsp_init
    test_uart.o(.text) refers to ringbuf.o(.text) for ringbuf_init
    test_uart.o(.text) refers to stm32f10x_usart.o(.text) for USART_ITConfig
    test_uart.o(.text) refers to test_uart.o(.bss) for tx_buf
    test_uart.o(.text) refers to test_uart.o(.data) for s_tx_ringbuf
    led.o(.text) refers to stm32f10x_rcc.o(.text) for RCC_APB2PeriphClockCmd
    led.o(.text) refers to stm32f10x_gpio.o(.text) for GPIO_Init
    timer.o(.text) refers to stm32f10x_rcc.o(.text) for RCC_APB1PeriphClockCmd
    timer.o(.text) refers to stm32f10x_tim.o(.text) for TIM_TimeBaseInit
    timer.o(.text) refers to misc.o(.text) for NVIC_Init
    timer.o(.text) refers to timer.o(.data) for SystemTimerContextVar
    delay.o(.text) refers to misc.o(.text) for SysTick_CLKSourceConfig
    delay.o(.text) refers to system_stm32f10x.o(.data) for SystemCoreClock
    delay.o(.text) refers to delay.o(.data) for fac_us
    usart.o(.text) refers (Special) to use_no_semi_2.o(.text) for __use_no_semihosting
    usart.o(.text) refers to stm32f10x_rcc.o(.text) for RCC_APB2PeriphClockCmd
    usart.o(.text) refers to stm32f10x_gpio.o(.text) for GPIO_Init
    usart.o(.text) refers to misc.o(.text) for NVIC_Init
    usart.o(.text) refers to stm32f10x_usart.o(.text) for USART_Init
    usart.o(.bss) refers (Special) to use_no_semi_2.o(.text) for __use_no_semihosting
    usart.o(.data) refers (Special) to use_no_semi_2.o(.text) for __use_no_semihosting
    startup_stm32f10x_hd.o(STACK) refers (Special) to heapauxi.o(.text) for __use_two_region_memory
    startup_stm32f10x_hd.o(HEAP) refers (Special) to heapauxi.o(.text) for __use_two_region_memory
    startup_stm32f10x_hd.o(RESET) refers (Special) to heapauxi.o(.text) for __use_two_region_memory
    startup_stm32f10x_hd.o(RESET) refers to startup_stm32f10x_hd.o(STACK) for __initial_sp
    startup_stm32f10x_hd.o(RESET) refers to startup_stm32f10x_hd.o(.text) for Reset_Handler
    startup_stm32f10x_hd.o(RESET) refers to stm32f10x_it.o(.text) for NMI_Handler
    startup_stm32f10x_hd.o(RESET) refers to timer.o(.text) for TIM3_IRQHandler
    startup_stm32f10x_hd.o(RESET) refers to test_uart.o(.text) for USART1_IRQHandler
    startup_stm32f10x_hd.o(.text) refers (Special) to heapauxi.o(.text) for __use_two_region_memory
    startup_stm32f10x_hd.o(.text) refers to system_stm32f10x.o(.text) for SystemInit
    startup_stm32f10x_hd.o(.text) refers to __main.o(!!!main) for __main
    startup_stm32f10x_hd.o(.text) refers to startup_stm32f10x_hd.o(HEAP) for Heap_Mem
    startup_stm32f10x_hd.o(.text) refers to startup_stm32f10x_hd.o(STACK) for Stack_Mem
    stm32f10x_gpio.o(.text) refers to stm32f10x_rcc.o(.text) for RCC_APB2PeriphResetCmd
    stm32f10x_rcc.o(.text) refers to stm32f10x_rcc.o(.data) for APBAHBPrescTable
    stm32f10x_usart.o(.text) refers to stm32f10x_rcc.o(.text) for RCC_APB2PeriphResetCmd
    stm32f10x_tim.o(.text) refers to stm32f10x_rcc.o(.text) for RCC_APB2PeriphResetCmd
    use_no_semi_2.o(.text) refers (Special) to use_no_semi.o(.text) for __use_no_semihosting_swi
    c89vsprintf.o(.text) refers (Special) to _printf_a.o(.ARM.Collect$$_printf_percent$$00000006) for _printf_a
    c89vsprintf.o(.text) refers (Special) to _printf_c.o(.ARM.Collect$$_printf_percent$$00000013) for _printf_c
    c89vsprintf.o(.text) refers (Special) to _printf_charcount.o(.text) for _printf_charcount
    c89vsprintf.o(.text) refers (Special) to _printf_d.o(.ARM.Collect$$_printf_percent$$00000009) for _printf_d
    c89vsprintf.o(.text) refers (Special) to _printf_e.o(.ARM.Collect$$_printf_percent$$00000004) for _printf_e
[...]
    .ARM.Collect$$_printf_percent$$00000015  0x08000224   Section        6  _printf_lc.o(.ARM.Collect$$_printf_percent$$00000015)
    .ARM.Collect$$_printf_percent$$00000016  0x0800022a   Section        6  _printf_ls.o(.ARM.Collect$$_printf_percent$$00000016)
    .ARM.Collect$$_printf_percent$$00000017  0x08000230   Section        4  _printf_percent_end.o(.ARM.Collect$$_printf_percent$$00000017)
    .ARM.Collect$$libinit$$00000000          0x08000234   Section        2  libinit.o(.ARM.Collect$$libinit$$00000000)
    .ARM.Collect$$libinit$$00000002          0x08000236   Section        0  libinit2.o(.ARM.Collect$$libinit$$00000002)
    .ARM.Collect$$libinit$$00000004          0x08000236   Section        0  libinit2.o(.ARM.Collect$$libinit$$00000004)
    .ARM.Collect$$libinit$$0000000A          0x08000236   Section        0  libinit2.o(.ARM.Collect$$libinit$$0000000A)
    .ARM.Collect$$libinit$$0000000C          0x08000236   Section        0  libinit2.o(.ARM.Collect$$libinit$$0000000C)
    .ARM.Collect$$libinit$$0000000E          0x08000236   Section        0  libinit2.o(.ARM.Collect$$libinit$$0000000E)
    .ARM.Collect$$libinit$$0000000F          0x08000236   Section        6  libinit2.o(.ARM.Collect$$libinit$$0000000F)
    .ARM.Collect$$libinit$$00000011          0x0800023c   Section        0  libinit2.o(.ARM.Collect$$libinit$$00000011)
    .ARM.Collect$$libinit$$00000012          0x0800023c   Section       12  libinit2.o(.ARM.Collect$$libinit$$00000012)
    .ARM.Collect$$libinit$$00000013          0x08000248   Section        0  libinit2.o(.ARM.Collect$$libinit$$00000013)
    .ARM.Collect$$libinit$$00000015          0x08000248   Section        0  libinit2.o(.ARM.Collect$$libinit$$00000015)
    .ARM.Collect$$libinit$$00000016          0x08000248   Section       10  libinit2.o(.ARM.Collect$$libinit$$00000016)
    .ARM.Collect$$libinit$$00000017          0x08000252   Section        0  libinit2.o(.ARM.Collect$$libinit$$00000017)
    .ARM.Collect$$libinit$$00000019          0x08000252   Section        0  libinit2.o(.ARM.Collect$$libinit$$00000019)
    .ARM.Collect$$libinit$$0000001B          0x08000252   Section        0  libinit2.o(.ARM.Collect$$libinit$$0000001B)
    .ARM.Collect$$libinit$$0000001D          0x08000252   Section        0  libinit2.o(.ARM.Collect$$libinit$$0000001D)
    .ARM.Collect$$libinit$$0000001F          0x08000252   Section        0  libinit2.o(.ARM.Collect$$libinit$$0000001F)
    .ARM.Collect$$libinit$$00000021          0x08000252   Section        0  libinit2.o(.ARM.Collect$$libinit$$00000021)
    .ARM.Collect$$libinit$$00000023          0x08000252   Section        0  libinit2.o(.ARM.Collect$$libinit$$00000023)
    .ARM.Collect$$libinit$$00000025          0x08000252   Section        0  libinit2.o(.ARM.Collect$$libinit$$00000025)
    .ARM.Collect$$libinit$$0000002C          0x08000252   Section        0  libinit2.o(.ARM.Collect$$libinit$$0000002C)
    .ARM.Collect$$libinit$$0000002E          0x08000252   Section        0  libinit2.o(.ARM.Collect$$libinit$$0000002E)
    .ARM.Collect$$libinit$$00000030          0x08000252   Section        0  libinit2.o(.ARM.Collect$$libinit$$00000030)
    .ARM.Collect$$libinit$$00000032          0x08000252   Section        0  libinit2.o(.ARM.Collect$$libinit$$00000032)
    .ARM.Collect$$libinit$$00000033          0x08000252   Section        2  libinit2.o(.ARM.Collect$$libinit$$00000033)
    .ARM.Collect$$libshutdown$$00000000      0x08000254   Section        2  libshutdown.o(.ARM.Collect$$libshutdown$$00000000)
    .ARM.Collect$$libshutdown$$00000002      0x08000256   Section        0  libshutdown2.o(.ARM.Collect$$libshutdown$$00000002)
    .ARM.Collect$$libshutdown$$00000004      0x08000256   Section        0  libshutdown2.o(.ARM.Collect$$libshutdown$$00000004)
    .ARM.Collect$$libshutdown$$00000006      0x08000256   Section        0  libshutdown2.o(.ARM.Collect$$libshutdown$$00000006)
    .ARM.Collect$$libshutdown$$00000009      0x08000256   Section        0  libshutdown2.o(.ARM.Collect$$libshutdown$$00000009)
    .ARM.Collect$$libshutdown$$0000000C      0x08000256   Section        0  libshutdown2.o(.ARM.Collect$$libshutdown$$0000000C)
    .ARM.Collect$$libshutdown$$0000000E      0x08000256   Section        0  libshutdown2.o(.ARM.Collect$$libshutdown$$0000000E)
    .ARM.Collect$$libshutdown$$00000011      0x08000256   Section        0  libshutdown2.o(.ARM.Collect$$libshutdown$$00000011)
    .ARM.Collect$$libshutdown$$00000012      0x08000256   Section        2  libshutdown2.o(.ARM.Collect$$libshutdown$$00000012)
    .ARM.Collect$$rtentry$$00000000          0x08000258   Section        0  __rtentry.o(.ARM.Collect$$rtentry$$00000000)
    .ARM.Collect$$rtentry$$00000002          0x08000258   Section        0  __rtentry2.o(.ARM.Collect$$rtentry$$00000002)
    .ARM.Collect$$rtentry$$00000004          0x08000258   Section        6  __rtentry4.o(.ARM.Collect$$rtentry$$00000004)
    .ARM.Collect$$rtentry$$00000009          0x0800025e   Section        0  __rtentry2.o(.ARM.Collect$$rtentry$$00000009)
    .ARM.Collect$$rtentry$$0000000A          0x0800025e   Section        4  __rtentry2.o(.ARM.Collect$$rtentry$$0000000A)
    .ARM.Collect$$rtentry$$0000000C          0x08000262   Section        0  __rtentry2.o(.ARM.Collect$$rtentry$$0000000C)
    .ARM.Collect$$rtentry$$0000000D          0x08000262   Section        8  __rtentry2.o(.ARM.Collect$$rtentry$$0000000D)
    .ARM.Collect$$rtexit$$00000000           0x0800026a   Section        2  rtexit.o(.ARM.Collect$$rtexit$$00000000)
    .ARM.Collect$$rtexit$$00000002           0x0800026c   Section        0  rtexit2.o(.ARM.Collect$$rtexit$$00000002)
    .ARM.Collect$$rtexit$$00000003           0x0800026c   Section        4  rtexit2.o(.ARM.Collect$$rtexit$$00000003)
    .ARM.Collect$$rtexit$$00000004           0x08000270   Section        6  rtexit2.o(.ARM.Collect$$rtexit$$00000004)
    .text                                    0x08000276   Section        0  stm32f10x_it.o(.text)
    .text                                    0x08000290   Section        0  system_stm32f10x.o(.text)
    SetSysClockTo72                          0x08000291   Thumb Code   214  system_stm32f10x.o(.text)
    SetSysClock                              0x08000367   Thumb Code     8  system_stm32f10x.o(.text)
    .text                                    0x08000470   Section        0  uartsend_use_int.o(.text)
    .text                                    0x080005fc   Section        0  ringbuf.o(.text)
    .text                                    0x080006fc   Section        0  test.o(.text)
    .text                                    0x08000748   Section        0  test_uart.o(.text)
    .text                                    0x08000894   Section        0  led.o(.text)
    .text                                    0x080008e4   Section        0  timer.o(.text)
    .text                                    0x080009b0   Section        0  delay.o(.text)
    .text                                    0x08000a84   Section        0  usart.o(.text)
    .text                                    0x08000b44   Section       64  startup_stm32f10x_hd.o(.text)
    .text                                    0x08000b84   Section        0  stm32f10x_gpio.o(.text)
    .text                                    0x08000ee0   Section        0  stm32f10x_rcc.o(.text)
    .text                                    0x08001284   Section        0  stm32f10x_usart.o(.text)
    .text                                    0x0800168c   Section        0  misc.o(.text)
    .text                                    0x08001768   Section        0  stm32f10x_tim.o(.text)
    TI4_Config                               0x08001c0f   Thumb Code   130  stm32f10x_tim.o(.text)
    TI3_Config                               0x08001ca3   Thumb Code   122  stm32f10x_tim.o(.text)
    TI2_Config                               0x08001d37   Thumb Code   130  stm32f10x_tim.o(.text)
    TI1_Config                               0x08001dcb   Thumb Code   108  stm32f10x_tim.o(.text)
    .text                                    0x08002582   Section        2  use_no_semi_2.o(.text)
    .text                                    0x08002584   Section        0  c89vsprintf.o(.text)
    .text                                    0x080025a8   Section        0  strlen.o(.text)
    .text                                    0x080025e6   Section        0  heapauxi.o(.text)
    .text                                    0x080025ec   Section        2  use_no_semi.o(.text)
    .text                                    0x080025ee   Section        0  _printf_pad.o(.text)
    .text                                    0x0800263c   Section        0  _printf_truncate.o(.text)
    .text                                    0x08002660   Section        0  _printf_str.o(.text)
    .text                                    0x080026b4   Section        0  _printf_dec.o(.text)
    .text                                    0x0800272c   Section        0  _printf_charcount.o(.text)
    .text                                    0x08002754   Section        0  _printf_char_common.o(.text)
    _printf_input_char                       0x08002755   Thumb Code    10  _printf_char_common.o(.text)
    .text                                    0x08002784   Section        0  _sputc.o(.text)
    .text                                    0x08002790   Section        0  _printf_wctomb.o(.text)
    .text                                    0x0800284c   Section        0  _printf_longlong_dec.o(.text)
    .text                                    0x080028c8   Section        0  _printf_oct_int_ll.o(.text)
    _printf_longlong_oct_internal            0x080028c9   Thumb Code     0  _printf_oct_int_ll.o(.text)
    .text                                    0x08002938   Section        0  _printf_hex_int_ll_ptr.o(.text)
    _printf_hex_common                       0x08002939   Thumb Code     0  _printf_hex_int_ll_ptr.o(.text)
    .text                                    0x080029cc   Section        0  __printf_flags_ss_wp.o(.text)
    .text                                    0x08002b54   Section      138  lludiv10.o(.text)
    .text                                    0x08002bde   Section        0  _printf_intcommon.o(.text)
    .text                                    0x08002c90   Section        0  _printf_fp_dec.o(.text)
    _fp_digits                               0x08002c93   Thumb Code   432  _printf_fp_dec.o(.text)
    .text                                    0x080030ae   Section        0  _printf_char.o(.text)
    .text                                    0x080030da   Section        0  _printf_wchar.o(.text)
    .text                                    0x08003106   Section        0  _wcrtomb.o(.text)
    .text                                    0x08003146   Section       74  sys_stackheap_outer.o(.text)
    .text                                    0x08003190   Section       16  rt_ctype_table.o(.text)
    .text                                    0x080031a0   Section        8  rt_locale_intlibspace.o(.text)
    .text                                    0x080031a8   Section        0  _printf_fp_infnan.o(.text)
    .text                                    0x08003228   Section        0  bigflt0.o(.text)
    .text                                    0x0800330c   Section        0  exit.o(.text)
    .text                                    0x08003320   Section        8  libspace.o(.text)
    .text                                    0x08003328   Section      128  strcmpv7m.o(.text)
    CL$$btod_d2e                             0x080033a8   Section       62  btod.o(CL$$btod_d2e)
    CL$$btod_d2e_denorm_low                  0x080033e6   Section       70  btod.o(CL$$btod_d2e_denorm_low)
    CL$$btod_d2e_norm_op1                    0x0800342c   Section       96  btod.o(CL$$btod_d2e_norm_op1)
    CL$$btod_div_common                      0x0800348c   Section      824  btod.o(CL$$btod_div_common)
    CL$$btod_e2e                             0x080037c4   Section      220  btod.o(CL$$btod_e2e)
    CL$$btod_ediv                            0x080038a0   Section       42  btod.o(CL$$btod_ediv)
    CL$$btod_emul                            0x080038ca   Section       42  btod.o(CL$$btod_emul)
    CL$$btod_mult_common                     0x080038f4   Section      580  btod.o(CL$$btod_mult_common)
    i.__ARM_fpclassify                       0x08003b38   Section        0  fpclassify.o(i.__ARM_fpclassify)
    i._is_digit                              0x08003b60   Section        0  __printf_wp.o(i._is_digit)
    locale$$code                             0x08003b70   Section       44  lc_numeric_c.o(locale$$code)
    locale$$code                             0x08003b9c   Section       44  lc_ctype_c.o(locale$$code)
    x$fpl$printf1                            0x08003bc8   Section        4  printf1.o(x$fpl$printf1)
    .constdata                               0x08003bcc   Section        8  _printf_wctomb.o(.constdata)
    x$fpl$usenofp                            0x08003bcc   Section        0  usenofp.o(x$fpl$usenofp)
    initial_mbstate                          0x08003bcc   Data           8  _printf_wctomb.o(.constdata)
    .constdata                               0x08003bd4   Section       40  _printf_hex_int_ll_ptr.o(.constdata)
    uc_hextab                                0x08003bd4   Data          20  _printf_hex_int_ll_ptr.o(.constdata)
    lc_hextab                                0x08003be8   Data          20  _printf_hex_int_ll_ptr.o(.constdata)
    .constdata                               0x08003bfc   Section       17  __printf_flags_ss_wp.o(.constdata)
    maptable                                 0x08003bfc   Data          17  __printf_flags_ss_wp.o(.constdata)
    .constdata                               0x08003c10   Section      148  bigflt0.o(.constdata)
    tenpwrs_x                                0x08003c10   Data          60  bigflt0.o(.constdata)
    tenpwrs_i                                0x08003c4c   Data          64  bigflt0.o(.constdata)
    locale$$data                             0x08003cc4   Section       28  lc_numeric_c.o(locale$$data)
    __lcnum_c_name                           0x08003cc8   Data           2  lc_numeric_c.o(locale$$data)
    __lcnum_c_start                          0x08003cd0   Data           0  lc_numeric_c.o(locale$$data)
    __lcnum_c_point                          0x08003cdc   Data           0  lc_numeric_c.o(locale$$data)
    __lcnum_c_thousands                      0x08003cde   Data           0  lc_numeric_c.o(locale$$data)
    __lcnum_c_grouping                       0x08003cdf   Data           0  lc_numeric_c.o(locale$$data)
    locale$$data                             0x08003ce0   Section      272  lc_ctype_c.o(locale$$data)
    __lcnum_c_end                            0x08003ce0   Data           0  lc_numeric_c.o(locale$$data)
    __lcctype_c_name                         0x08003ce4   Data           2  lc_ctype_c.o(locale$$data)
    __lcctype_c_start                        0x08003cec   Data           0  lc_ctype_c.o(locale$$data)
    __lcctype_c_end                          0x08003df0   Data           0  lc_ctype_c.o(locale$$data)
    .data                                    0x20000000   Section       20  system_stm32f10x.o(.data)
    .data                                    0x20000014   Section       59  uartsend_use_int.o(.data)
    .data                                    0x2000004f   Section        1  test.o(.data)
    AutoTestRecved                           0x2000004f   Data           1  test.o(.data)
    .data                                    0x20000050   Section        9  test_uart.o(.data)
    .data                                    0x2000005c   Section        9  timer.o(.data)
    SystemTimerContextVar                    0x2000005c   Data           8  timer.o(.data)
    uart_Tx_Indication                       0x20000064   Data           1  timer.o(.data)
    .data                                    0x20000066   Section        4  delay.o(.data)
    fac_us                                   0x20000066   Data           1  delay.o(.data)
    fac_ms                                   0x20000068   Data           2  delay.o(.data)
    .data                                    0x2000006a   Section       20  stm32f10x_rcc.o(.data)
    APBAHBPrescTable                         0x2000006a   Data          16  stm32f10x_rcc.o(.data)
    ADCPrescTable                            0x2000007a   Data           4  stm32f10x_rcc.o(.data)
    .bss                                     0x20000080   Section      104  uartsend_use_int.o(.bss)
    .bss                                     0x200000e8   Section     1666  test_uart.o(.bss)
    sTestRcvBuf                              0x200000e8   Data          74  test_uart.o(.bss)
    sTestTxdBuf                              0x20000132   Data         102  test_uart.o(.bss)
    .bss                                     0x2000076c   Section       96  libspace.o(.bss)
    HEAP                                     0x200007d0   Section      512  startup_stm32f10x_hd.o(HEAP)
    Heap_Mem                                 0x200007d0   Data         512  startup_stm32f10x_hd.o(HEAP)
    STACK                                    0x200009d0   Section     1024  startup_stm32f10x_hd.o(STACK)
    Stack_Mem                                0x200009d0   Data        1024  startup_stm32f10x_hd.o(STACK)
    __initial_sp                             0x20000dd0   Data           0  startup_stm32f10x_hd.o(STACK)

    Global Symbols

    Symbol Name                              Value     Ov Type        Size  Object(Section)

    BuildAttributes$$THM_ISAv4$P$D$K$B$S$PE$A:L22UL41UL21$X:L11$S22US41US21$IEEE1$IW$USESV6$~STKCKD$USESV7$~SHL$OTIME$ROPI$IEEEJ$EBA8$UX$STANDARDLIB$REQ8$PRES8$EABIv2 0x00000000   Number         0  anon$$obj.o ABSOLUTE
    __ARM_use_no_argv                        0x00000000   Number         0  uartsend_use_int.o ABSOLUTE
    _printf_flags                            0x00000000   Number         0  printf_stubs.o ABSOLUTE
    _printf_return_value                     0x00000000   Number         0  printf_stubs.o ABSOLUTE
    _printf_sizespec                         0x00000000   Number         0  printf_stubs.o ABSOLUTE
    _printf_widthprec                        0x00000000   Number         0  printf_stubs.o ABSOLUTE
    __ARM_exceptions_init                     - Undefined Weak Reference
    __alloca_initialize                       - Undefined Weak Reference
    __arm_fini_                               - Undefined Weak Reference
    __arm_preinit_                            - Undefined Weak Reference
    __cpp_initialize__aeabi_                  - Undefined Weak Reference
    __cxa_finalize                            - Undefined Weak Reference
    __sigvec_lookup                           - Undefined Weak Reference
    _atexit_init                              - Undefined Weak Reference
    _call_atexit_fns                          - Undefined Weak Reference
    _clock_init                               - Undefined Weak Reference
    _fp_trap_init                             - Undefined Weak Reference
    _fp_trap_shutdown                         - Undefined Weak Reference
    _get_lc_collate                           - Undefined Weak Reference
    _get_lc_monetary                          - Undefined Weak Reference
    _get_lc_time                              - Undefined Weak Reference
    _getenv_init                              - Undefined Weak Reference
    _handle_redirection                       - Undefined Weak Reference
    _init_alloc                               - Undefined Weak Reference
    _init_user_alloc                          - Undefined Weak Reference
    _initio                                   - Undefined Weak Reference
    _printf_fp_hex                            - Undefined Weak Reference
    _printf_mbtowc                            - Undefined Weak Reference
    _printf_wc                                - Undefined Weak Reference
    _rand_init                                - Undefined Weak Reference
    _signal_finish                            - Undefined Weak Reference
    _signal_init                              - Undefined Weak Reference
    _terminate_alloc                          - Undefined Weak Reference
    _terminate_user_alloc                     - Undefined Weak Reference
    _terminateio                              - Undefined Weak Reference
    __Vectors_Size                           0x00000130   Number         0  startup_stm32f10x_hd.o ABSOLUTE
    __Vectors                                0x08000000   Data           4  startup_stm32f10x_hd.o(RESET)
    __Vectors_End                            0x08000130   Data           0  startup_stm32f10x_hd.o(RESET)
    __main                                   0x08000131   Thumb Code     8  __main.o(!!!main)
    __scatterload                            0x08000139   Thumb Code     0  __scatter.o(!!!scatter)
    __scatterload_rt2                        0x08000139   Thumb Code    44  __scatter.o(!!!scatter)
    __scatterload_rt2_thumb_only             0x08000139   Thumb Code     0  __scatter.o(!!!scatter)
    __scatterload_null                       0x08000147   Thumb Code     0  __scatter.o(!!!scatter)
    __scatterload_copy                       0x0800016d   Thumb Code    26  __scatter_copy.o(!!handler_copy)
    __scatterload_zeroinit                   0x08000189   Thumb Code    28  __scatter_zi.o(!!handler_zi)
    _printf_n                                0x080001a5   Thumb Code     0  _printf_n.o(.ARM.Collect$$_printf_percent$$00000001)
    _printf_percent                          0x080001a5   Thumb Code     0  _printf_percent.o(.ARM.Collect$$_printf_percent$$00000000)
    _printf_p                                0x080001ab   Thumb Code     0  _printf_p.o(.ARM.Collect$$_printf_percent$$00000002)
    _printf_f                                0x080001b1   Thumb Code     0  _printf_f.o(.ARM.Collect$$_printf_percent$$00000003)
    _printf_e                                0x080001b7   Thumb Code     0  _printf_e.o(.ARM.Collect$$_printf_percent$$00000004)
    _printf_g                                0x080001bd   Thumb Code     0  _printf_g.o(.ARM.Collect$$_printf_percent$$00000005)
    _printf_a                                0x080001c3   Thumb Code     0  _printf_a.o(.ARM.Collect$$_printf_percent$$00000006)
    _printf_ll                               0x080001c9   Thumb Code     0  _printf_ll.o(.ARM.Collect$$_printf_percent$$00000007)
    _printf_i                                0x080001d3   Thumb Code     0  _printf_i.o(.ARM.Collect$$_printf_percent$$00000008)
    _printf_d                                0x080001d9   Thumb Code     0  _printf_d.o(.ARM.Collect$$_printf_percent$$00000009)
    _printf_u                                0x080001df   Thumb Code     0  _printf_u.o(.ARM.Collect$$_printf_percent$$0000000A)
    _printf_o                                0x080001e5   Thumb Code     0  _printf_o.o(.ARM.Collect$$_printf_percent$$0000000B)
    _printf_x                                0x080001eb   Thumb Code     0  _printf_x.o(.ARM.Collect$$_printf_percent$$0000000C)
    _printf_lli                              0x080001f1   Thumb Code     0  _printf_lli.o(.ARM.Collect$$_printf_percent$$0000000D)
    _printf_lld                              0x080001f7   Thumb Code     0  _printf_lld.o(.ARM.Collect$$_printf_percent$$0000000E)
    _printf_llu                              0x080001fd   Thumb Code     0  _printf_llu.o(.ARM.Collect$$_printf_percent$$0000000F)
    _printf_llo                              0x08000203   Thumb Code     0  _printf_llo.o(.ARM.Collect$$_printf_percent$$00000010)
    _printf_llx                              0x08000209   Thumb Code     0  _printf_llx.o(.ARM.Collect$$_printf_percent$$00000011)
    _printf_l                                0x0800020f   Thumb Code     0  _printf_l.o(.ARM.Collect$$_printf_percent$$00000012)
    _printf_c                                0x08000219   Thumb Code     0  _printf_c.o(.ARM.Collect$$_printf_percent$$00000013)
    _printf_s                                0x0800021f   Thumb Code     0  _printf_s.o(.ARM.Collect$$_printf_percent$$00000014)
    _printf_lc                               0x08000225   Thumb Code     0  _printf_lc.o(.ARM.Collect$$_printf_percent$$00000015)
    _printf_ls                               0x0800022b   Thumb Code     0  _printf_ls.o(.ARM.Collect$$_printf_percent$$00000016)
    _printf_percent_end                      0x08000231   Thumb Code     0  _printf_percent_end.o(.ARM.Collect$$_printf_percent$$00000017)
    __rt_lib_init                            0x08000235   Thumb Code     0  libinit.o(.ARM.Collect$$libinit$$00000000)
    __rt_lib_init_fp_1                       0x08000237   Thumb Code     0  libinit2.o(.ARM.Collect$$libinit$$00000002)
    __rt_lib_init_heap_1                     0x08000237   Thumb Code     0  libinit2.o(.ARM.Collect$$libinit$$0000000A)
    __rt_lib_init_lc_common                  0x08000237   Thumb Code     0  libinit2.o(.ARM.Collect$$libinit$$0000000F)
    __rt_lib_init_preinit_1                  0x08000237   Thumb Code     0  libinit2.o(.ARM.Collect$$libinit$$00000004)
    __rt_lib_init_rand_1                     0x08000237   Thumb Code     0  libinit2.o(.ARM.Collect$$libinit$$0000000E)
    __rt_lib_init_user_alloc_1               0x08000237   Thumb Code     0  libinit2.o(.ARM.Collect$$libinit$$0000000C)
    __rt_lib_init_lc_collate_1               0x0800023d   Thumb Code     0  libinit2.o(.ARM.Collect$$libinit$$00000011)
    __rt_lib_init_lc_ctype_2                 0x0800023d   Thumb Code     0  libinit2.o(.ARM.Collect$$libinit$$00000012)
    __rt_lib_init_lc_ctype_1                 0x08000249   Thumb Code     0  libinit2.o(.ARM.Collect$$libinit$$00000013)
    __rt_lib_init_lc_monetary_1              0x08000249   Thumb Code     0  libinit2.o(.ARM.Collect$$libinit$$00000015)
    __rt_lib_init_lc_numeric_2               0x08000249   Thumb Code     0  libinit2.o(.ARM.Collect$$libinit$$00000016)
    __rt_lib_init_alloca_1                   0x08000253   Thumb Code     0  libinit2.o(.ARM.Collect$$libinit$$0000002E)
    __rt_lib_init_argv_1                     0x08000253   Thumb Code     0  libinit2.o(.ARM.Collect$$libinit$$0000002C)
    __rt_lib_init_atexit_1                   0x08000253   Thumb Code     0  libinit2.o(.ARM.Collect$$libinit$$0000001B)
    __rt_lib_init_clock_1                    0x08000253   Thumb Code     0  libinit2.o(.ARM.Collect$$libinit$$00000021)
    __rt_lib_init_cpp_1                      0x08000253   Thumb Code     0  libinit2.o(.ARM.Collect$$libinit$$00000032)
    __rt_lib_init_exceptions_1               0x08000253   Thumb Code     0  libinit2.o(.ARM.Collect$$libinit$$00000030)
    __rt_lib_init_fp_trap_1                  0x08000253   Thumb Code     0  libinit2.o(.ARM.Collect$$libinit$$0000001F)
    __rt_lib_init_getenv_1                   0x08000253   Thumb Code     0  libinit2.o(.ARM.Collect$$libinit$$00000023)
    __rt_lib_init_lc_numeric_1               0x08000253   Thumb Code     0  libinit2.o(.ARM.Collect$$libinit$$00000017)
    __rt_lib_init_lc_time_1                  0x08000253   Thumb Code     0  libinit2.o(.ARM.Collect$$libinit$$00000019)
    __rt_lib_init_return                     0x08000253   Thumb Code     0  libinit2.o(.ARM.Collect$$libinit$$00000033)
    __rt_lib_init_signal_1                   0x08000253   Thumb Code     0  libinit2.o(.ARM.Collect$$libinit$$0000001D)
    __rt_lib_init_stdio_1                    0x08000253   Thumb Code     0  libinit2.o(.ARM.Collect$$libinit$$00000025)
    __rt_lib_shutdown                        0x08000255   Thumb Code     0  libshutdown.o(.ARM.Collect$$libshutdown$$00000000)
    __rt_lib_shutdown_cpp_1                  0x08000257   Thumb Code     0  libshutdown2.o(.ARM.Collect$$libshutdown$$00000004)
    __rt_lib_shutdown_fini_1                 0x08000257   Thumb Code     0  libshutdown2.o(.ARM.Collect$$libshutdown$$00000002)
    __rt_lib_shutdown_fp_trap_1              0x08000257   Thumb Code     0  libshutdown2.o(.ARM.Collect$$libshutdown$$00000009)
    __rt_lib_shutdown_heap_1                 0x08000257   Thumb Code     0  libshutdown2.o(.ARM.Collect$$libshutdown$$00000011)
    __rt_lib_shutdown_return                 0x08000257   Thumb Code     0  libshutdown2.o(.ARM.Collect$$libshutdown$$00000012)
    __rt_lib_shutdown_signal_1               0x08000257   Thumb Code     0  libshutdown2.o(.ARM.Collect$$libshutdown$$0000000C)
    __rt_lib_shutdown_stdio_1                0x08000257   Thumb Code     0  libshutdown2.o(.ARM.Collect$$libshutdown$$00000006)
    __rt_lib_shutdown_user_alloc_1           0x08000257   Thumb Code     0  libshutdown2.o(.ARM.Collect$$libshutdown$$0000000E)
    __rt_entry                               0x08000259   Thumb Code     0  __rtentry.o(.ARM.Collect$$rtentry$$00000000)
    __rt_entry_presh_1                       0x08000259   Thumb Code     0  __rtentry2.o(.ARM.Collect$$rtentry$$00000002)
    __rt_entry_sh                            0x08000259   Thumb Code     0  __rtentry4.o(.ARM.Collect$$rtentry$$00000004)
    __rt_entry_li                            0x0800025f   Thumb Code     0  __rtentry2.o(.ARM.Collect$$rtentry$$0000000A)
    __rt_entry_postsh_1                      0x0800025f   Thumb Code     0  __rtentry2.o(.ARM.Collect$$rtentry$$00000009)
    __rt_entry_main                          0x08000263   Thumb Code     0  __rtentry2.o(.ARM.Collect$$rtentry$$0000000D)
    __rt_entry_postli_1                      0x08000263   Thumb Code     0  __rtentry2.o(.ARM.Collect$$rtentry$$0000000C)
    __rt_exit                                0x0800026b   Thumb Code     0  rtexit.o(.ARM.Collect$$rtexit$$00000000)
    __rt_exit_ls                             0x0800026d   Thumb Code     0  rtexit2.o(.ARM.Collect$$rtexit$$00000003)
    __rt_exit_prels_1                        0x0800026d   Thumb Code     0  rtexit2.o(.ARM.Collect$$rtexit$$00000002)
    __rt_exit_exit                           0x08000271   Thumb Code     0  rtexit2.o(.ARM.Collect$$rtexit$$00000004)
    NMI_Handler                              0x08000277   Thumb Code     2  stm32f10x_it.o(.text)
    HardFault_Handler                        0x08000279   Thumb Code     4  stm32f10x_it.o(.text)
    MemManage_Handler                        0x0800027d   Thumb Code     4  stm32f10x_it.o(.text)
    BusFault_Handler                         0x08000281   Thumb Code     4  stm32f10x_it.o(.text)
    UsageFault_Handler                       0x08000285   Thumb Code     4  stm32f10x_it.o(.text)
    SVC_Handler                              0x08000289   Thumb Code     2  stm32f10x_it.o(.text)
    DebugMon_Handler                         0x0800028b   Thumb Code     2  stm32f10x_it.o(.text)
    PendSV_Handler                           0x0800028d   Thumb Code     2  stm32f10x_it.o(.text)
    SysTick_Handler                          0x0800028f   Thumb Code     2  stm32f10x_it.o(.text)
    SystemInit                               0x0800036f   Thumb Code    78  system_stm32f10x.o(.text)
    SystemCoreClockUpdate                    0x080003bd   Thumb Code   142  system_stm32f10x.o(.text)
    Set_UartSendData_Indixcation             0x08000471   Thumb Code     6  uartsend_use_int.o(.text)
    Get_UartSendData_Indixcation             0x08000477   Thumb Code     6  uartsend_use_int.o(.text)
    bsp_init                                 0x0800047d   Thumb Code   150  uartsend_use_int.o(.text)
    SoftTimer_Init                           0x08000513   Thumb Code     2  uartsend_use_int.o(.text)
    Send_DebugData_UseNoBlock                0x08000515   Thumb Code    46  uartsend_use_int.o(.text)
    main                                     0x08000543   Thumb Code    98  uartsend_use_int.o(.text)
    ringbuf_init                             0x080005fd   Thumb Code    12  ringbuf.o(.text)
    ringbuf_empty                            0x08000609   Thumb Code    18  ringbuf.o(.text)
    ringbuf_full                             0x0800061b   Thumb Code    30  ringbuf.o(.text)
    ringbuf_avail                            0x08000639   Thumb Code    16  ringbuf.o(.text)
    ringbuf_size                             0x08000649   Thumb Code     6  ringbuf.o(.text)
    ringbuf_used                             0x0800064f   Thumb Code    26  ringbuf.o(.text)
    ringbuf_free                             0x08000669   Thumb Code    20  ringbuf.o(.text)
    ringbuf_write_one                        0x0800067d   Thumb Code    40  ringbuf.o(.text)
    ringbuf_write                            0x080006a5   Thumb Code    30  ringbuf.o(.text)
    ringbuf_read_one                         0x080006c3   Thumb Code    26  ringbuf.o(.text)
    ringbuf_read                             0x080006dd   Thumb Code    30  ringbuf.o(.text)
    test_init                                0x080006fd   Thumb Code     8  test.o(.text)
    test_printf                              0x08000705   Thumb Code    64  test.o(.text)
    test_uart_init                           0x08000749   Thumb Code    22  test_uart.o(.text)
    test_uart_send                           0x0800075f   Thumb Code    58  test_uart.o(.text)
    test_uart_checkbuf                       0x08000799   Thumb Code    42  test_uart.o(.text)
    test_uart_bufset                         0x080007c3   Thumb Code    18  test_uart.o(.text)
    test_uart_fillbuf                        0x080007d5   Thumb Code    52  test_uart.o(.text)
    test_uart_getbuf                         0x08000809   Thumb Code    16  test_uart.o(.text)
    USART1_IRQHandler                        0x08000819   Thumb Code    54  test_uart.o(.text)
    test_rcv_timeout_process                 0x0800084f   Thumb Code    50  test_uart.o(.text)
    LED_Init                                 0x08000895   Thumb Code    72  led.o(.text)
    p_callback_led1                          0x080008e5   Thumb Code    36  timer.o(.text)
    TIM3_Int_Init                            0x08000909   Thumb Code    98  timer.o(.text)
    TIM3_IRQHandler                          0x0800096b   Thumb Code    48  timer.o(.text)
    delay_init                               0x080009b1   Thumb Code    50  delay.o(.text)
    delay_us                                 0x080009e3   Thumb Code    72  delay.o(.text)
    delay_ms                                 0x08000a2b   Thumb Code    72  delay.o(.text)
    _sys_exit                                0x08000a85   Thumb Code     6  usart.o(.text)
    fputc                                    0x08000a8b   Thumb Code    24  usart.o(.text)
    uart_init                                0x08000aa3   Thumb Code   152  usart.o(.text)
    Reset_Handler                            0x08000b45   Thumb Code     8  startup_stm32f10x_hd.o(.text)
    ADC1_2_IRQHandler                        0x08000b5f   Thumb Code     0  startup_stm32f10x_hd.o(.text)
    ADC3_IRQHandler                          0x08000b5f   Thumb Code     0  startup_stm32f10x_hd.o(.text)
    CAN1_RX1_IRQHandler                      0x08000b5f   Thumb Code     0  startup_stm32f10x_hd.o(.text)
    CAN1_SCE_IRQHandler                      0x08000b5f   Thumb Code     0  startup_stm32f10x_hd.o(.text)
    DMA1_Channel1_IRQHandler                 0x08000b5f   Thumb Code     0  startup_stm32f10x_hd.o(.text)
    DMA1_Channel2_IRQHandler                 0x08000b5f   Thumb Code     0  startup_stm32f10x_hd.o(.text)
    DMA1_Channel3_IRQHandler                 0x08000b5f   Thumb Code     0  startup_stm32f10x_hd.o(.text)
    DMA1_Channel4_IRQHandler                 0x08000b5f   Thumb Code     0  startup_stm32f10x_hd.o(.text)
    DMA1_Channel5_IRQHandler                 0x08000b5f   Thumb Code     0  startup_stm32f10x_hd.o(.text)
    DMA1_Channel6_IRQHandler                 0x08000b5f   Thumb Code     0  startup_stm32f10x_hd.o(.text)
    DMA1_Channel7_IRQHandler                 0x08000b5f   Thumb Code     0  startup_stm32f10x_hd.o(.text)
    DMA2_Channel1_IRQHandler                 0x08000b5f   Thumb Code     0  startup_stm32f10x_hd.o(.text)
    DMA2_Channel2_IRQHandler                 0x08000b5f   Thumb Code     0  startup_stm32f10x_hd.o(.text)
    DMA2_Channel3_IRQHandler                 0x08000b5f   Thumb Code     0  startup_stm32f10x_hd.o(.text)
    DMA2_Channel4_5_IRQHandler               0x08000b5f   Thumb Code     0  startup_stm32f10x_hd.o(.text)
    EXTI0_IRQHandler                         0x08000b5f   Thumb Code     0  startup_stm32f10x_hd.o(.text)
    EXTI15_10_IRQHandler                     0x08000b5f   Thumb Code     0  startup_stm32f10x_hd.o(.text)
    EXTI1_IRQHandler                         0x08000b5f   Thumb Code     0  startup_stm32f10x_hd.o(.text)
    EXTI2_IRQHandler                         0x08000b5f   Thumb Code     0  startup_stm32f10x_hd.o(.text)
    EXTI3_IRQHandler                         0x08000b5f   Thumb Code     0  startup_stm32f10x_hd.o(.text)
    EXTI4_IRQHandler                         0x08000b5f   Thumb Code     0  startup_stm32f10x_hd.o(.text)
    EXTI9_5_IRQHandler                       0x08000b5f   Thumb Code     0  startup_stm32f10x_hd.o(.text)
    FLASH_IRQHandler                         0x08000b5f   Thumb Code     0  startup_stm32f10x_hd.o(.text)
    FSMC_IRQHandler                          0x08000b5f   Thumb Code     0  startup_stm32f10x_hd.o(.text)
    I2C1_ER_IRQHandler                       0x08000b5f   Thumb Code     0  startup_stm32f10x_hd.o(.text)
    I2C1_EV_IRQHandler                       0x08000b5f   Thumb Code     0  startup_stm32f10x_hd.o(.text)
    I2C2_ER_IRQHandler                       0x08000b5f   Thumb Code     0  startup_stm32f10x_hd.o(.text)
    I2C2_EV_IRQHandler                       0x08000b5f   Thumb Code     0  startup_stm32f10x_hd.o(.text)
    PVD_IRQHandler                           0x08000b5f   Thumb Code     0  startup_stm32f10x_hd.o(.text)
    RCC_IRQHandler                           0x08000b5f   Thumb Code     0  startup_stm32f10x_hd.o(.text)
    RTCAlarm_IRQHandler                      0x08000b5f   Thumb Code     0  startup_stm32f10x_hd.o(.text)
    RTC_IRQHandler                           0x08000b5f   Thumb Code     0  startup_stm32f10x_hd.o(.text)
    SDIO_IRQHandler                          0x08000b5f   Thumb Code     0  startup_stm32f10x_hd.o(.text)
    SPI1_IRQHandler                          0x08000b5f   Thumb Code     0  startup_stm32f10x_hd.o(.text)
    SPI2_IRQHandler                          0x08000b5f   Thumb Code     0  startup_stm32f10x_hd.o(.text)
    SPI3_IRQHandler                          0x08000b5f   Thumb Code     0  startup_stm32f10x_hd.o(.text)
    TAMPER_IRQHandler                        0x08000b5f   Thumb Code     0  startup_stm32f10x_hd.o(.text)
    TIM1_BRK_IRQHandler                      0x08000b5f   Thumb Code     0  startup_stm32f10x_hd.o(.text)
    TIM1_CC_IRQHandler                       0x08000b5f   Thumb Code     0  startup_stm32f10x_hd.o(.text)
    TIM1_TRG_COM_IRQHandler                  0x08000b5f   Thumb Code     0  startup_stm32f10x_hd.o(.text)
    TIM1_UP_IRQHandler                       0x08000b5f   Thumb Code     0  startup_stm32f10x_hd.o(.text)
    TIM2_IRQHandler                          0x08000b5f   Thumb Code     0  startup_stm32f10x_hd.o(.text)
    TIM4_IRQHandler                          0x08000b5f   Thumb Code     0  startup_stm32f10x_hd.o(.text)
    TIM5_IRQHandler                          0x08000b5f   Thumb Code     0  startup_stm32f10x_hd.o(.text)
    TIM6_IRQHandler                          0x08000b5f   Thumb Code     0  startup_stm32f10x_hd.o(.text)
    TIM7_IRQHandler                          0x08000b5f   Thumb Code     0  startup_stm32f10x_hd.o(.text)
    TIM8_BRK_IRQHandler                      0x08000b5f   Thumb Code     0  startup_stm32f10x_hd.o(.text)
    TIM8_CC_IRQHandler                       0x08000b5f   Thumb Code     0  startup_stm32f10x_hd.o(.text)
    TIM8_TRG_COM_IRQHandler                  0x08000b5f   Thumb Code     0  startup_stm32f10x_hd.o(.text)
    TIM8_UP_IRQHandler                       0x08000b5f   Thumb Code     0  startup_stm32f10x_hd.o(.text)
    UART4_IRQHandler                         0x08000b5f   Thumb Code     0  startup_stm32f10x_hd.o(.text)
    UART5_IRQHandler                         0x08000b5f   Thumb Code     0  startup_stm32f10x_hd.o(.text)
    USART2_IRQHandler                        0x08000b5f   Thumb Code     0  startup_stm32f10x_hd.o(.text)
    USART3_IRQHandler                        0x08000b5f   Thumb Code     0  startup_stm32f10x_hd.o(.text)
    USBWakeUp_IRQHandler                     0x08000b5f   Thumb Code     0  startup_stm32f10x_hd.o(.text)
    USB_HP_CAN1_TX_IRQHandler                0x08000b5f   Thumb Code     0  startup_stm32f10x_hd.o(.text)
    USB_LP_CAN1_RX0_IRQHandler               0x08000b5f   Thumb Code     0  startup_stm32f10x_hd.o(.text)
    WWDG_IRQHandler                          0x08000b5f   Thumb Code     0  startup_stm32f10x_hd.o(.text)
    __user_initial_stackheap                 0x08000b61   Thumb Code     0  startup_stm32f10x_hd.o(.text)
    GPIO_DeInit                              0x08000b85   Thumb Code   172  stm32f10x_gpio.o(.text)
    GPIO_AFIODeInit                          0x08000c31   Thumb Code    20  stm32f10x_gpio.o(.text)
    GPIO_Init                                0x08000c45   Thumb Code   278  stm32f10x_gpio.o(.text)
    GPIO_StructInit                          0x08000d5b   Thumb Code    16  stm32f10x_gpio.o(.text)
    GPIO_ReadInputDataBit                    0x08000d6b   Thumb Code    18  stm32f10x_gpio.o(.text)
    GPIO_ReadInputData                       0x08000d7d   Thumb Code     8  stm32f10x_gpio.o(.text)
    GPIO_ReadOutputDataBit                   0x08000d85   Thumb Code    18  stm32f10x_gpio.o(.text)
    GPIO_ReadOutputData                      0x08000d97   Thumb Code     8  stm32f10x_gpio.o(.text)
    GPIO_SetBits                             0x08000d9f   Thumb Code     4  stm32f10x_gpio.o(.text)
    GPIO_ResetBits                           0x08000da3   Thumb Code     4  stm32f10x_gpio.o(.text)
    GPIO_WriteBit                            0x08000da7   Thumb Code    10  stm32f10x_gpio.o(.text)
    GPIO_Write                               0x08000db1   Thumb Code     4  stm32f10x_gpio.o(.text)
    GPIO_PinLockConfig                       0x08000db5   Thumb Code    18  stm32f10x_gpio.o(.text)
    GPIO_EventOutputConfig                   0x08000dc7   Thumb Code    26  stm32f10x_gpio.o(.text)
    GPIO_EventOutputCmd                      0x08000de1   Thumb Code     6  stm32f10x_gpio.o(.text)
    GPIO_PinRemapConfig                      0x08000de7   Thumb Code   138  stm32f10x_gpio.o(.text)
    GPIO_EXTILineConfig                      0x08000e71   Thumb Code    66  stm32f10x_gpio.o(.text)
    GPIO_ETH_MediaInterfaceConfig            0x08000eb3   Thumb Code     8  stm32f10x_gpio.o(.text)
    RCC_DeInit                               0x08000ee1   Thumb Code    64  stm32f10x_rcc.o(.text)
    RCC_HSEConfig                            0x08000f21   Thumb Code    70  stm32f10x_rcc.o(.text)
    RCC_GetFlagStatus                        0x08000f67   Thumb Code    56  stm32f10x_rcc.o(.text)
    RCC_WaitForHSEStartUp                    0x08000f9f   Thumb Code    56  stm32f10x_rcc.o(.text)
    RCC_AdjustHSICalibrationValue            0x08000fd7   Thumb Code    20  stm32f10x_rcc.o(.text)
    RCC_HSICmd                               0x08000feb   Thumb Code     6  stm32f10x_rcc.o(.text)
    RCC_PLLConfig                            0x08000ff1   Thumb Code    24  stm32f10x_rcc.o(.text)
    RCC_PLLCmd                               0x08001009   Thumb Code     6  stm32f10x_rcc.o(.text)
    RCC_SYSCLKConfig                         0x0800100f   Thumb Code    18  stm32f10x_rcc.o(.text)
    RCC_GetSYSCLKSource                      0x08001021   Thumb Code    10  stm32f10x_rcc.o(.text)
    RCC_HCLKConfig                           0x0800102b   Thumb Code    18  stm32f10x_rcc.o(.text)
    RCC_PCLK1Config                          0x0800103d   Thumb Code    18  stm32f10x_rcc.o(.text)
    RCC_PCLK2Config                          0x0800104f   Thumb Code    20  stm32f10x_rcc.o(.text)
    RCC_ITConfig                             0x08001063   Thumb Code    26  stm32f10x_rcc.o(.text)
    RCC_USBCLKConfig                         0x0800107d   Thumb Code     8  stm32f10x_rcc.o(.text)
    RCC_ADCCLKConfig                         0x08001085   Thumb Code    18  stm32f10x_rcc.o(.text)
    RCC_LSEConfig                            0x08001097   Thumb Code    50  stm32f10x_rcc.o(.text)
    RCC_LSICmd                               0x080010c9   Thumb Code     6  stm32f10x_rcc.o(.text)
    RCC_RTCCLKConfig                         0x080010cf   Thumb Code    12  stm32f10x_rcc.o(.text)
    RCC_RTCCLKCmd                            0x080010db   Thumb Code     8  stm32f10x_rcc.o(.text)
    RCC_GetClocksFreq                        0x080010e3   Thumb Code   192  stm32f10x_rcc.o(.text)
    RCC_AHBPeriphClockCmd                    0x080011a3   Thumb Code    26  stm32f10x_rcc.o(.text)
    RCC_APB2PeriphClockCmd                   0x080011bd   Thumb Code    26  stm32f10x_rcc.o(.text)
    RCC_APB1PeriphClockCmd                   0x080011d7   Thumb Code    26  stm32f10x_rcc.o(.text)
    RCC_APB2PeriphResetCmd                   0x080011f1   Thumb Code    26  stm32f10x_rcc.o(.text)
    RCC_APB1PeriphResetCmd                   0x0800120b   Thumb Code    26  stm32f10x_rcc.o(.text)
    RCC_BackupResetCmd                       0x08001225   Thumb Code     8  stm32f10x_rcc.o(.text)
    RCC_ClockSecuritySystemCmd               0x0800122d   Thumb Code     6  stm32f10x_rcc.o(.text)
    RCC_MCOConfig                            0x08001233   Thumb Code     6  stm32f10x_rcc.o(.text)
    RCC_ClearFlag                            0x08001239   Thumb Code    14  stm32f10x_rcc.o(.text)
    RCC_GetITStatus                          0x08001247   Thumb Code    20  stm32f10x_rcc.o(.text)
    RCC_ClearITPendingBit                    0x0800125b   Thumb Code     6  stm32f10x_rcc.o(.text)
    USART_DeInit                             0x08001285   Thumb Code   134  stm32f10x_usart.o(.text)
    USART_Init                               0x0800130b   Thumb Code   210  stm32f10x_usart.o(.text)
    USART_StructInit                         0x080013dd   Thumb Code    24  stm32f10x_usart.o(.text)
    USART_ClockInit                          0x080013f5   Thumb Code    34  stm32f10x_usart.o(.text)
    USART_ClockStructInit                    0x08001417   Thumb Code    12  stm32f10x_usart.o(.text)
    USART_Cmd                                0x08001423   Thumb Code    24  stm32f10x_usart.o(.text)
    USART_ITConfig                           0x0800143b   Thumb Code    74  stm32f10x_usart.o(.text)
    USART_DMACmd                             0x08001485   Thumb Code    18  stm32f10x_usart.o(.text)
    USART_SetAddress                         0x08001497   Thumb Code    18  stm32f10x_usart.o(.text)
    USART_WakeUpConfig                       0x080014a9   Thumb Code    18  stm32f10x_usart.o(.text)
    USART_ReceiverWakeUpCmd                  0x080014bb   Thumb Code    24  stm32f10x_usart.o(.text)
    USART_LINBreakDetectLengthConfig         0x080014d3   Thumb Code    18  stm32f10x_usart.o(.text)
    USART_LINCmd                             0x080014e5   Thumb Code    24  stm32f10x_usart.o(.text)
    USART_SendData                           0x080014fd   Thumb Code     8  stm32f10x_usart.o(.text)
    USART_ReceiveData                        0x08001505   Thumb Code    10  stm32f10x_usart.o(.text)
    USART_SendBreak                          0x0800150f   Thumb Code    10  stm32f10x_usart.o(.text)
    USART_SetGuardTime                       0x08001519   Thumb Code    16  stm32f10x_usart.o(.text)
    USART_SetPrescaler                       0x08001529   Thumb Code    16  stm32f10x_usart.o(.text)
    USART_SmartCardCmd                       0x08001539   Thumb Code    24  stm32f10x_usart.o(.text)
    USART_SmartCardNACKCmd                   0x08001551   Thumb Code    24  stm32f10x_usart.o(.text)
    USART_HalfDuplexCmd                      0x08001569   Thumb Code    24  stm32f10x_usart.o(.text)
    USART_OverSampling8Cmd                   0x08001581   Thumb Code    22  stm32f10x_usart.o(.text)
    USART_OneBitMethodCmd                    0x08001597   Thumb Code    24  stm32f10x_usart.o(.text)
    USART_IrDAConfig                         0x080015af   Thumb Code    18  stm32f10x_usart.o(.text)
    USART_IrDACmd                            0x080015c1   Thumb Code    24  stm32f10x_usart.o(.text)
    USART_GetFlagStatus                      0x080015d9   Thumb Code    26  stm32f10x_usart.o(.text)
    USART_ClearFlag                          0x080015f3   Thumb Code    18  stm32f10x_usart.o(.text)
    USART_GetITStatus                        0x08001605   Thumb Code    84  stm32f10x_usart.o(.text)
    USART_ClearITPendingBit                  0x08001659   Thumb Code    52  stm32f10x_usart.o(.text)
    NVIC_PriorityGroupConfig                 0x0800168d   Thumb Code    10  misc.o(.text)
    NVIC_Init                                0x08001697   Thumb Code   100  misc.o(.text)
    NVIC_SetVectorTable                      0x080016fb   Thumb Code    14  misc.o(.text)
    NVIC_SystemLPConfig                      0x08001709   Thumb Code    34  misc.o(.text)
    SysTick_CLKSourceConfig                  0x0800172b   Thumb Code    40  misc.o(.text)
    TIM_DeInit                               0x08001769   Thumb Code   424  stm32f10x_tim.o(.text)
    TIM_TimeBaseInit                         0x08001911   Thumb Code   122  stm32f10x_tim.o(.text)
    TIM_OC1Init                              0x0800198b   Thumb Code   132  stm32f10x_tim.o(.text)
    TIM_OC2Init                              0x08001a0f   Thumb Code   154  stm32f10x_tim.o(.text)
    TIM_OC3Init                              0x08001aa9   Thumb Code   150  stm32f10x_tim.o(.text)
    TIM_OC4Init                              0x08001b3f   Thumb Code   182  stm32f10x_tim.o(.text)
    TIM_SetIC4Prescaler                      0x08001bf5   Thumb Code    26  stm32f10x_tim.o(.text)
    TIM_SetIC3Prescaler                      0x08001c91   Thumb Code    18  stm32f10x_tim.o(.text)
    TIM_SetIC2Prescaler                      0x08001d1d   Thumb Code    26  stm32f10x_tim.o(.text)
    TIM_SetIC1Prescaler                      0x08001db9   Thumb Code    18  stm32f10x_tim.o(.text)
    TIM_ICInit                               0x08001e37   Thumb Code   150  stm32f10x_tim.o(.text)
    TIM_PWMIConfig                           0x08001ecd   Thumb Code   124  stm32f10x_tim.o(.text)
    TIM_BDTRConfig                           0x08001f49   Thumb Code    32  stm32f10x_tim.o(.text)
    TIM_TimeBaseStructInit                   0x08001f69   Thumb Code    18  stm32f10x_tim.o(.text)
    TIM_OCStructInit                         0x08001f7b   Thumb Code    20  stm32f10x_tim.o(.text)
    TIM_ICStructInit                         0x08001f8f   Thumb Code    18  stm32f10x_tim.o(.text)
    TIM_BDTRStructInit                       0x08001fa1   Thumb Code    40  stm32f10x_tim.o(.text)
    TIM_Cmd                                  0x08001fc9   Thumb Code    24  stm32f10x_tim.o(.text)
    TIM_CtrlPWMOutputs                       0x08001fe1   Thumb Code    30  stm32f10x_tim.o(.text)
    TIM_ITConfig                             0x08001fff   Thumb Code    18  stm32f10x_tim.o(.text)
    TIM_GenerateEvent                        0x08002011   Thumb Code     4  stm32f10x_tim.o(.text)
    TIM_DMAConfig                            0x08002015   Thumb Code    10  stm32f10x_tim.o(.text)
    TIM_DMACmd                               0x0800201f   Thumb Code    18  stm32f10x_tim.o(.text)
    TIM_InternalClockConfig                  0x08002031   Thumb Code    12  stm32f10x_tim.o(.text)
    TIM_SelectInputTrigger                   0x0800203d   Thumb Code    18  stm32f10x_tim.o(.text)
    TIM_ITRxExternalClockConfig              0x0800204f   Thumb Code    24  stm32f10x_tim.o(.text)
    TIM_TIxExternalClockConfig               0x08002067   Thumb Code    62  stm32f10x_tim.o(.text)
    TIM_ETRConfig                            0x080020a5   Thumb Code    28  stm32f10x_tim.o(.text)
    TIM_ETRClockMode1Config                  0x080020c1   Thumb Code    54  stm32f10x_tim.o(.text)
    TIM_ETRClockMode2Config                  0x080020f7   Thumb Code    32  stm32f10x_tim.o(.text)
    TIM_PrescalerConfig                      0x08002117   Thumb Code     6  stm32f10x_tim.o(.text)
    TIM_CounterModeConfig                    0x0800211d   Thumb Code    18  stm32f10x_tim.o(.text)
    TIM_EncoderInterfaceConfig               0x0800212f   Thumb Code    66  stm32f10x_tim.o(.text)
    TIM_ForcedOC1Config                      0x08002171   Thumb Code    18  stm32f10x_tim.o(.text)
    TIM_ForcedOC2Config                      0x08002183   Thumb Code    26  stm32f10x_tim.o(.text)
    TIM_ForcedOC3Config                      0x0800219d   Thumb Code    18  stm32f10x_tim.o(.text)
    TIM_ForcedOC4Config                      0x080021af   Thumb Code    26  stm32f10x_tim.o(.text)
    TIM_ARRPreloadConfig                     0x080021c9   Thumb Code    24  stm32f10x_tim.o(.text)
    TIM_SelectCOM                            0x080021e1   Thumb Code    24  stm32f10x_tim.o(.text)
    TIM_SelectCCDMA                          0x080021f9   Thumb Code    24  stm32f10x_tim.o(.text)
    TIM_CCPreloadControl                     0x08002211   Thumb Code    24  stm32f10x_tim.o(.text)
    TIM_OC1PreloadConfig                     0x08002229   Thumb Code    18  stm32f10x_tim.o(.text)
    TIM_OC2PreloadConfig                     0x0800223b   Thumb Code    26  stm32f10x_tim.o(.text)
    TIM_OC3PreloadConfig                     0x08002255   Thumb Code    18  stm32f10x_tim.o(.text)
    TIM_OC4PreloadConfig                     0x08002267   Thumb Code    26  stm32f10x_tim.o(.text)
    TIM_OC1FastConfig                        0x08002281   Thumb Code    18  stm32f10x_tim.o(.text)
    TIM_OC2FastConfig                        0x08002293   Thumb Code    26  stm32f10x_tim.o(.text)
    TIM_OC3FastConfig                        0x080022ad   Thumb Code    18  stm32f10x_tim.o(.text)
    TIM_OC4FastConfig                        0x080022bf   Thumb Code    26  stm32f10x_tim.o(.text)
    TIM_ClearOC1Ref                          0x080022d9   Thumb Code    18  stm32f10x_tim.o(.text)
    TIM_ClearOC2Ref                          0x080022eb   Thumb Code    24  stm32f10x_tim.o(.text)
    TIM_ClearOC3Ref                          0x08002303   Thumb Code    18  stm32f10x_tim.o(.text)
    TIM_ClearOC4Ref                          0x08002315   Thumb Code    24  stm32f10x_tim.o(.text)
    TIM_OC1PolarityConfig                    0x0800232d   Thumb Code    18  stm32f10x_tim.o(.text)
    TIM_OC1NPolarityConfig                   0x0800233f   Thumb Code    18  stm32f10x_tim.o(.text)
    TIM_OC2PolarityConfig                    0x08002351   Thumb Code    26  stm32f10x_tim.o(.text)
    TIM_OC2NPolarityConfig                   0x0800236b   Thumb Code    26  stm32f10x_tim.o(.text)
    TIM_OC3PolarityConfig                    0x08002385   Thumb Code    26  stm32f10x_tim.o(.text)
    TIM_OC3NPolarityConfig                   0x0800239f   Thumb Code    26  stm32f10x_tim.o(.text)
    TIM_OC4PolarityConfig                    0x080023b9   Thumb Code    26  stm32f10x_tim.o(.text)
    TIM_CCxCmd                               0x080023d3   Thumb Code    30  stm32f10x_tim.o(.text)
    TIM_CCxNCmd                              0x080023f1   Thumb Code    30  stm32f10x_tim.o(.text)
    TIM_SelectOCxM                           0x0800240f   Thumb Code    82  stm32f10x_tim.o(.text)
    TIM_UpdateDisableConfig                  0x08002461   Thumb Code    24  stm32f10x_tim.o(.text)
    TIM_UpdateRequestConfig                  0x08002479   Thumb Code    24  stm32f10x_tim.o(.text)
    TIM_SelectHallSensor                     0x08002491   Thumb Code    24  stm32f10x_tim.o(.text)
    TIM_SelectOnePulseMode                   0x080024a9   Thumb Code    18  stm32f10x_tim.o(.text)
    TIM_SelectOutputTrigger                  0x080024bb   Thumb Code    18  stm32f10x_tim.o(.text)
    TIM_SelectSlaveMode                      0x080024cd   Thumb Code    18  stm32f10x_tim.o(.text)
    TIM_SelectMasterSlaveMode                0x080024df   Thumb Code    18  stm32f10x_tim.o(.text)
    TIM_SetCounter                           0x080024f1   Thumb Code     4  stm32f10x_tim.o(.text)
    TIM_SetAutoreload                        0x080024f5   Thumb Code     4  stm32f10x_tim.o(.text)
    TIM_SetCompare1                          0x080024f9   Thumb Code     4  stm32f10x_tim.o(.text)
    TIM_SetCompare2                          0x080024fd   Thumb Code     4  stm32f10x_tim.o(.text)
    TIM_SetCompare3                          0x08002501   Thumb Code     4  stm32f10x_tim.o(.text)
    TIM_SetCompare4                          0x08002505   Thumb Code     6  stm32f10x_tim.o(.text)
    TIM_SetClockDivision                     0x0800250b   Thumb Code    18  stm32f10x_tim.o(.text)
    TIM_GetCapture1                          0x0800251d   Thumb Code     6  stm32f10x_tim.o(.text)
    TIM_GetCapture2                          0x08002523   Thumb Code     6  stm32f10x_tim.o(.text)
    TIM_GetCapture3                          0x08002529   Thumb Code     6  stm32f10x_tim.o(.text)
    TIM_GetCapture4                          0x0800252f   Thumb Code     8  stm32f10x_tim.o(.text)
    TIM_GetCounter                           0x08002537   Thumb Code     6  stm32f10x_tim.o(.text)
    TIM_GetPrescaler                         0x0800253d   Thumb Code     6  stm32f10x_tim.o(.text)
    TIM_GetFlagStatus                        0x08002543   Thumb Code    18  stm32f10x_tim.o(.text)
    TIM_ClearFlag                            0x08002555   Thumb Code     6  stm32f10x_tim.o(.text)
    TIM_GetITStatus                          0x0800255b   Thumb Code    34  stm32f10x_tim.o(.text)
    TIM_ClearITPendingBit                    0x0800257d   Thumb Code     6  stm32f10x_tim.o(.text)
    __use_no_semihosting                     0x08002583   Thumb Code     2  use_no_semi_2.o(.text)
    __c89vsprintf                            0x08002585   Thumb Code    32  c89vsprintf.o(.text)
    strlen                                   0x080025a9   Thumb Code    62  strlen.o(.text)
    __use_two_region_memory                  0x080025e7   Thumb Code     2  heapauxi.o(.text)
    __rt_heap_escrow$2region                 0x080025e9   Thumb Code     2  heapauxi.o(.text)
    __rt_heap_expand$2region                 0x080025eb   Thumb Code     2  heapauxi.o(.text)
    __I$use$semihosting                      0x080025ed   Thumb Code     0  use_no_semi.o(.text)
    __use_no_semihosting_swi                 0x080025ed   Thumb Code     2  use_no_semi.o(.text)
    _printf_pre_padding                      0x080025ef   Thumb Code    44  _printf_pad.o(.text)
    _printf_post_padding                     0x0800261b   Thumb Code    34  _printf_pad.o(.text)
    _printf_truncate_signed                  0x0800263d   Thumb Code    18  _printf_truncate.o(.text)
    _printf_truncate_unsigned                0x0800264f   Thumb Code    18  _printf_truncate.o(.text)
    _printf_str                              0x08002661   Thumb Code    82  _printf_str.o(.text)
    _printf_int_dec                          0x080026b5   Thumb Code   104  _printf_dec.o(.text)
    _printf_charcount                        0x0800272d   Thumb Code    40  _printf_charcount.o(.text)
    _printf_char_common                      0x0800275f   Thumb Code    32  _printf_char_common.o(.text)
    _sputc                                   0x08002785   Thumb Code    10  _sputc.o(.text)
    _printf_wctomb                           0x08002791   Thumb Code   182  _printf_wctomb.o(.text)
    _printf_longlong_dec                     0x0800284d   Thumb Code   108  _printf_longlong_dec.o(.text)
    _printf_longlong_oct                     0x080028c9   Thumb Code    66  _printf_oct_int_ll.o(.text)
    _printf_int_oct                          0x0800290b   Thumb Code    24  _printf_oct_int_ll.o(.text)
    _printf_ll_oct                           0x08002923   Thumb Code    12  _printf_oct_int_ll.o(.text)
    _printf_longlong_hex                     0x08002939   Thumb Code    86  _printf_hex_int_ll_ptr.o(.text)
    _printf_int_hex                          0x0800298f   Thumb Code    28  _printf_hex_int_ll_ptr.o(.text)
    _printf_ll_hex                           0x080029ab   Thumb Code    12  _printf_hex_int_ll_ptr.o(.text)
    _printf_hex_ptr                          0x080029b7   Thumb Code    18  _printf_hex_int_ll_ptr.o(.text)
    __printf                                 0x080029cd   Thumb Code   388  __printf_flags_ss_wp.o(.text)
    _ll_udiv10                               0x08002b55   Thumb Code   138  lludiv10.o(.text)
    _printf_int_common                       0x08002bdf   Thumb Code   178  _printf_intcommon.o(.text)
    __lib_sel_fp_printf                      0x08002c91   Thumb Code     2  _printf_fp_dec.o(.text)
    _printf_fp_dec_real                      0x08002e43   Thumb Code   620  _printf_fp_dec.o(.text)
    _printf_cs_common                        0x080030af   Thumb Code    20  _printf_char.o(.text)
    _printf_char                             0x080030c3   Thumb Code    16  _printf_char.o(.text)
    _printf_string                           0x080030d3   Thumb Code     8  _printf_char.o(.text)
    _printf_lcs_common                       0x080030db   Thumb Code    20  _printf_wchar.o(.text)
    _printf_wchar                            0x080030ef   Thumb Code    16  _printf_wchar.o(.text)
    _printf_wstring                          0x080030ff   Thumb Code     8  _printf_wchar.o(.text)
    _wcrtomb                                 0x08003107   Thumb Code    64  _wcrtomb.o(.text)
    __user_setup_stackheap                   0x08003147   Thumb Code    74  sys_stackheap_outer.o(.text)
    __rt_ctype_table                         0x08003191   Thumb Code    16  rt_ctype_table.o(.text)
    __rt_locale                              0x080031a1   Thumb Code     8  rt_locale_intlibspace.o(.text)
    _printf_fp_infnan                        0x080031a9   Thumb Code   112  _printf_fp_infnan.o(.text)
    _btod_etento                             0x08003229   Thumb Code   224  bigflt0.o(.text)
    exit                                     0x0800330d   Thumb Code    18  exit.o(.text)
    __user_libspace                          0x08003321   Thumb Code     8  libspace.o(.text)
    __user_perproc_libspace                  0x08003321   Thumb Code     0  libspace.o(.text)
    __user_perthread_libspace                0x08003321   Thumb Code     0  libspace.o(.text)
    strcmp                                   0x08003329   Thumb Code   128  strcmpv7m.o(.text)
    _btod_d2e                                0x080033a9   Thumb Code    62  btod.o(CL$$btod_d2e)
    _d2e_denorm_low                          0x080033e7   Thumb Code    70  btod.o(CL$$btod_d2e_denorm_low)
    _d2e_norm_op1                            0x0800342d   Thumb Code    96  btod.o(CL$$btod_d2e_norm_op1)
    __btod_div_common                        0x0800348d   Thumb Code   696  btod.o(CL$$btod_div_common)
    _e2e                                     0x080037c5   Thumb Code   220  btod.o(CL$$btod_e2e)
    _btod_ediv                               0x080038a1   Thumb Code    42  btod.o(CL$$btod_ediv)
    _btod_emul                               0x080038cb   Thumb Code    42  btod.o(CL$$btod_emul)
    __btod_mult_common                       0x080038f5   Thumb Code   580  btod.o(CL$$btod_mult_common)
    __ARM_fpclassify                         0x08003b39   Thumb Code    40  fpclassify.o(i.__ARM_fpclassify)
    _is_digit                                0x08003b61   Thumb Code    14  __printf_wp.o(i._is_digit)
    _get_lc_numeric                          0x08003b71   Thumb Code    44  lc_numeric_c.o(locale$$code)
    _get_lc_ctype                            0x08003b9d   Thumb Code    44  lc_ctype_c.o(locale$$code)
    _printf_fp_dec                           0x08003bc9   Thumb Code     4  printf1.o(x$fpl$printf1)
    __I$use$fp                               0x08003bcc   Number         0  usenofp.o(x$fpl$usenofp)
    Region$$Table$$Base                      0x08003ca4   Number         0  anon$$obj.o(Region$$Table)
    Region$$Table$$Limit                     0x08003cc4   Number         0  anon$$obj.o(Region$$Table)
    __ctype                                  0x08003ced   Data           0  lc_ctype_c.o(locale$$data)
    SystemCoreClock                          0x20000000   Data           4  system_stm32f10x.o(.data)
    AHBPrescTable                            0x20000004   Data          16  system_stm32f10x.o(.data)
    TxBuffer1                                0x20000014   Data          54  uartsend_use_int.o(.data)
    rec_f                                    0x2000004a   Data           1  uartsend_use_int.o(.data)
    TxCounter1                               0x2000004b   Data           1  uartsend_use_int.o(.data)
    RxCounter1                               0x2000004c   Data           1  uartsend_use_int.o(.data)
    NbrOfDataToTransfer1                     0x2000004d   Data           1  uartsend_use_int.o(.data)
    NbrOfDataToRead1                         0x2000004e   Data           1  uartsend_use_int.o(.data)
    s_tx_ringbuf                             0x20000050   Data           8  test_uart.o(.data)
    AutoTestFlag                             0x20000058   Data           1  test_uart.o(.data)
    RxBuffer1                                0x20000080   Data          53  uartsend_use_int.o(.bss)
    G_UART_Context_Var                       0x200000b5   Data          51  uartsend_use_int.o(.bss)
    TestRcvBuf                               0x20000198   Data        1420  test_uart.o(.bss)
    tx_buf                                   0x20000724   Data          70  test_uart.o(.bss)
    __libspace_start                         0x2000076c   Data          96  libspace.o(.bss)
    __temporary_stack_top$libspace           0x200007cc   Data           0  libspace.o(.bss)



==============================================================================

Memory Map of the image

  Image Entry point : 0x08000131

  Load Region LR_IROM1 (Base: 0x08000000, Size: 0x00003e70, Max: 0x00040000, ABSOLUTE)

    Execution Region ER_IROM1 (Exec base: 0x08000000, Load base: 0x08000000, Size: 0x00003df0, Max: 0x00040000, ABSOLUTE)

    Exec Addr    Load Addr    Size         Type   Attr      Idx    E Section Name        Object

    0x08000000   0x08000000   0x00000130   Data   RO          348    RESET               startup_stm32f10x_hd.o
    0x08000130   0x08000130   0x00000008   Code   RO          425  * !!!main             c_w.l(__main.o)
    0x08000138   0x08000138   0x00000034   Code   RO          737    !!!scatter          c_w.l(__scatter.o)
    0x0800016c   0x0800016c   0x0000001a   Code   RO          739    !!handler_copy      c_w.l(__scatter_copy.o)
    0x08000186   0x08000186   0x00000002   PAD
    0x08000188   0x08000188   0x0000001c   Code   RO          741    !!handler_zi        c_w.l(__scatter_zi.o)
    0x080001a4   0x080001a4   0x00000000   Code   RO          511    .ARM.Collect$$_printf_percent$$00000000  c_w.l(_printf_percent.o)
    0x080001a4   0x080001a4   0x00000006   Code   RO          500    .ARM.Collect$$_printf_percent$$00000001  c_w.l(_printf_n.o)
    0x080001aa   0x080001aa   0x00000006   Code   RO          502    .ARM.Collect$$_printf_percent$$00000002  c_w.l(_printf_p.o)
    0x080001b0   0x080001b0   0x00000006   Code   RO          507    .ARM.Collect$$_printf_percent$$00000003  c_w.l(_printf_f.o)
    0x080001b6   0x080001b6   0x00000006   Code   RO          508    .ARM.Collect$$_printf_percent$$00000004  c_w.l(_printf_e.o)
    0x080001bc   0x080001bc   0x00000006   Code   RO          509    .ARM.Collect$$_printf_percent$$00000005  c_w.l(_printf_g.o)
    0x080001c2   0x080001c2   0x00000006   Code   RO          510    .ARM.Collect$$_printf_percent$$00000006  c_w.l(_printf_a.o)
    0x080001c8   0x080001c8   0x0000000a   Code   RO          515    .ARM.Collect$$_printf_percent$$00000007  c_w.l(_printf_ll.o)
    0x080001d2   0x080001d2   0x00000006   Code   RO          504    .ARM.Collect$$_printf_percent$$00000008  c_w.l(_printf_i.o)
    0x080001d8   0x080001d8   0x00000006   Code   RO          505    .ARM.Collect$$_printf_percent$$00000009  c_w.l(_printf_d.o)
    0x080001de   0x080001de   0x00000006   Code   RO          506    .ARM.Collect$$_printf_percent$$0000000A  c_w.l(_printf_u.o)
    0x080001e4   0x080001e4   0x00000006   Code   RO          503    .ARM.Collect$$_printf_percent$$0000000B  c_w.l(_printf_o.o)
    0x080001ea   0x080001ea   0x00000006   Code   RO          501    .ARM.Collect$$_printf_percent$$0000000C  c_w.l(_printf_x.o)
    0x080001f0   0x080001f0   0x00000006   Code   RO          512    .ARM.Collect$$_printf_percent$$0000000D  c_w.l(_printf_lli.o)
    0x080001f6   0x080001f6   0x00000006   Code   RO          513    .ARM.Collect$$_printf_percent$$0000000E  c_w.l(_printf_lld.o)
    0x080001fc   0x080001fc   0x00000006   Code   RO          514    .ARM.Collect$$_printf_percent$$0000000F  c_w.l(_printf_llu.o)
    0x08000202   0x08000202   0x00000006   Code   RO          519    .ARM.Collect$$_printf_percent$$00000010  c_w.l(_printf_llo.o)
    0x08000208   0x08000208   0x00000006   Code   RO          520    .ARM.Collect$$_printf_percent$$00000011  c_w.l(_printf_llx.o)
    0x0800020e   0x0800020e   0x0000000a   Code   RO          516    .ARM.Collect$$_printf_percent$$00000012  c_w.l(_printf_l.o)
    0x08000218   0x08000218   0x00000006   Code   RO          498    .ARM.Collect$$_printf_percent$$00000013  c_w.l(_printf_c.o)
    0x0800021e   0x0800021e   0x00000006   Code   RO          499    .ARM.Collect$$_printf_percent$$00000014  c_w.l(_printf_s.o)
    0x08000224   0x08000224   0x00000006   Code   RO          517    .ARM.Collect$$_printf_percent$$00000015  c_w.l(_printf_lc.o)
    0x0800022a   0x0800022a   0x00000006   Code   RO          518    .ARM.Collect$$_printf_percent$$00000016  c_w.l(_printf_ls.o)
    0x08000230   0x08000230   0x00000004   Code   RO          550    .ARM.Collect$$_printf_percent$$00000017  c_w.l(_printf_percent_end.o)
    0x08000234   0x08000234   0x00000002   Code   RO          599    .ARM.Collect$$libinit$$00000000  c_w.l(libinit.o)
    0x08000236   0x08000236   0x00000000   Code   RO          616    .ARM.Collect$$libinit$$00000002  c_w.l(libinit2.o)
    0x08000236   0x08000236   0x00000000   Code   RO          618    .ARM.Collect$$libinit$$00000004  c_w.l(libinit2.o)
    0x08000236   0x08000236   0x00000000   Code   RO          621    .ARM.Collect$$libinit$$0000000A  c_w.l(libinit2.o)
    0x08000236   0x08000236   0x00000000   Code   RO          623    .ARM.Collect$$libinit$$0000000C  c_w.l(libinit2.o)
    0x08000236   0x08000236   0x00000000   Code   RO          625    .ARM.Collect$$libinit$$0000000E  c_w.l(libinit2.o)
    0x08000236   0x08000236   0x00000006   Code   RO          626    .ARM.Collect$$libinit$$0000000F  c_w.l(libinit2.o)
    0x0800023c   0x0800023c   0x00000000   Code   RO          628    .ARM.Collect$$libinit$$00000011  c_w.l(libinit2.o)
    0x0800023c   0x0800023c   0x0000000c   Code   RO          629    .ARM.Collect$$libinit$$00000012  c_w.l(libinit2.o)
    0x08000248   0x08000248   0x00000000   Code   RO          630    .ARM.Collect$$libinit$$00000013  c_w.l(libinit2.o)
    0x08000248   0x08000248   0x00000000   Code   RO          632    .ARM.Collect$$libinit$$00000015  c_w.l(libinit2.o)
    0x08000248   0x08000248   0x0000000a   Code   RO          633    .ARM.Collect$$libinit$$00000016  c_w.l(libinit2.o)
    0x08000252   0x08000252   0x00000000   Code   RO          634    .ARM.Collect$$libinit$$00000017  c_w.l(libinit2.o)
    0x08000252   0x08000252   0x00000000   Code   RO          636    .ARM.Collect$$libinit$$00000019  c_w.l(libinit2.o)
    0x08000252   0x08000252   0x00000000   Code   RO          638    .ARM.Collect$$libinit$$0000001B  c_w.l(libinit2.o)
    0x08000252   0x08000252   0x00000000   Code   RO          640    .ARM.Collect$$libinit$$0000001D  c_w.l(libinit2.o)
    0x08000252   0x08000252   0x00000000   Code   RO          642    .ARM.Collect$$libinit$$0000001F  c_w.l(libinit2.o)
    0x08000252   0x08000252   0x00000000   Code   RO          644    .ARM.Collect$$libinit$$00000021  c_w.l(libinit2.o)
    0x08000252   0x08000252   0x00000000   Code   RO          646    .ARM.Collect$$libinit$$00000023  c_w.l(libinit2.o)
    0x08000252   0x08000252   0x00000000   Code   RO          648    .ARM.Collect$$libinit$$00000025  c_w.l(libinit2.o)
    0x08000252   0x08000252   0x00000000   Code   RO          652    .ARM.Collect$$libinit$$0000002C  c_w.l(libinit2.o)
    0x08000252   0x08000252   0x00000000   Code   RO          654    .ARM.Collect$$libinit$$0000002E  c_w.l(libinit2.o)
    0x08000252   0x08000252   0x00000000   Code   RO          656    .ARM.Collect$$libinit$$00000030  c_w.l(libinit2.o)
    0x08000252   0x08000252   0x00000000   Code   RO          658    .ARM.Collect$$libinit$$00000032  c_w.l(libinit2.o)
    0x08000252   0x08000252   0x00000002   Code   RO          659    .ARM.Collect$$libinit$$00000033  c_w.l(libinit2.o)
    0x08000254   0x08000254   0x00000002   Code   RO          677    .ARM.Collect$$libshutdown$$00000000  c_w.l(libshutdown.o)
    0x08000256   0x08000256   0x00000000   Code   RO          687    .ARM.Collect$$libshutdown$$00000002  c_w.l(libshutdown2.o)
    0x08000256   0x08000256   0x00000000   Code   RO          689    .ARM.Collect$$libshutdown$$00000004  c_w.l(libshutdown2.o)
    0x08000256   0x08000256   0x00000000   Code   RO          691    .ARM.Collect$$libshutdown$$00000006  c_w.l(libshutdown2.o)
    0x08000256   0x08000256   0x00000000   Code   RO          694    .ARM.Collect$$libshutdown$$00000009  c_w.l(libshutdown2.o)
    0x08000256   0x08000256   0x00000000   Code   RO          697    .ARM.Collect$$libshutdown$$0000000C  c_w.l(libshutdown2.o)
    0x08000256   0x08000256   0x00000000   Code   RO          699    .ARM.Collect$$libshutdown$$0000000E  c_w.l(libshutdown2.o)
    0x08000256   0x08000256   0x00000000   Code   RO          702    .ARM.Collect$$libshutdown$$00000011  c_w.l(libshutdown2.o)
    0x08000256   0x08000256   0x00000002   Code   RO          703    .ARM.Collect$$libshutdown$$00000012  c_w.l(libshutdown2.o)
    0x08000258   0x08000258   0x00000000   Code   RO          429    .ARM.Collect$$rtentry$$00000000  c_w.l(__rtentry.o)
    0x08000258   0x08000258   0x00000000   Code   RO          524    .ARM.Collect$$rtentry$$00000002  c_w.l(__rtentry2.o)
    0x08000258   0x08000258   0x00000006   Code   RO          536    .ARM.Collect$$rtentry$$00000004  c_w.l(__rtentry4.o)
    0x0800025e   0x0800025e   0x00000000   Code   RO          526    .ARM.Collect$$rtentry$$00000009  c_w.l(__rtentry2.o)
    0x0800025e   0x0800025e   0x00000004   Code   RO          527    .ARM.Collect$$rtentry$$0000000A  c_w.l(__rtentry2.o)
    0x08000262   0x08000262   0x00000000   Code   RO          529    .ARM.Collect$$rtentry$$0000000C  c_w.l(__rtentry2.o)
    0x08000262   0x08000262   0x00000008   Code   RO          530    .ARM.Collect$$rtentry$$0000000D  c_w.l(__rtentry2.o)
    0x0800026a   0x0800026a   0x00000002   Code   RO          608    .ARM.Collect$$rtexit$$00000000  c_w.l(rtexit.o)
    0x0800026c   0x0800026c   0x00000000   Code   RO          661    .ARM.Collect$$rtexit$$00000002  c_w.l(rtexit2.o)
    0x0800026c   0x0800026c   0x00000004   Code   RO          662    .ARM.Collect$$rtexit$$00000003  c_w.l(rtexit2.o)
    0x08000270   0x08000270   0x00000006   Code   RO          663    .ARM.Collect$$rtexit$$00000004  c_w.l(rtexit2.o)
    0x08000276   0x08000276   0x0000001a   Code   RO            1    .text               stm32f10x_it.o
    0x08000290   0x08000290   0x000001e0   Code   RO          104    .text               system_stm32f10x.o
    0x08000470   0x08000470   0x0000018c   Code   RO          122    .text               uartsend_use_int.o
    0x080005fc   0x080005fc   0x000000fe   Code   RO          190    .text               ringbuf.o
    0x080006fa   0x080006fa   0x00000002   PAD
    0x080006fc   0x080006fc   0x0000004c   Code   RO          205    .text               test.o
    0x08000748   0x08000748   0x0000014c   Code   RO          233    .text               test_uart.o
    0x08000894   0x08000894   0x00000050   Code   RO          252    .text               led.o
    0x080008e4   0x080008e4   0x000000cc   Code   RO          264    .text               timer.o
    0x080009b0   0x080009b0   0x000000d4   Code   RO          282    .text               delay.o
    0x08000a84   0x08000a84   0x000000c0   Code   RO          313    .text               usart.o
    0x08000b44   0x08000b44   0x00000040   Code   RO          349    .text               startup_stm32f10x_hd.o
    0x08000b84   0x08000b84   0x0000035c   Code   RO          353    .text               stm32f10x_gpio.o
    0x08000ee0   0x08000ee0   0x000003a4   Code   RO          365    .text               stm32f10x_rcc.o
    0x08001284   0x08001284   0x00000408   Code   RO          379    .text               stm32f10x_usart.o
    0x0800168c   0x0800168c   0x000000dc   Code   RO          391    .text               misc.o
    0x08001768   0x08001768   0x00000e1a   Code   RO          403    .text               stm32f10x_tim.o
    0x08002582   0x08002582   0x00000002   Code   RO          417    .text               c_w.l(use_no_semi_2.o)
    0x08002584   0x08002584   0x00000024   Code   RO          419    .text               c_w.l(c89vsprintf.o)
    0x080025a8   0x080025a8   0x0000003e   Code   RO          421    .text               c_w.l(strlen.o)
    0x080025e6   0x080025e6   0x00000006   Code   RO          423    .text               c_w.l(heapauxi.o)
    0x080025ec   0x080025ec   0x00000002   Code   RO          427    .text               c_w.l(use_no_semi.o)
    0x080025ee   0x080025ee   0x0000004e   Code   RO          432    .text               c_w.l(_printf_pad.o)
    0x0800263c   0x0800263c   0x00000024   Code   RO          434    .text               c_w.l(_printf_truncate.o)
    0x08002660   0x08002660   0x00000052   Code   RO          436    .text               c_w.l(_printf_str.o)
    0x080026b2   0x080026b2   0x00000002   PAD
    0x080026b4   0x080026b4   0x00000078   Code   RO          438    .text               c_w.l(_printf_dec.o)
    0x0800272c   0x0800272c   0x00000028   Code   RO          440    .text               c_w.l(_printf_charcount.o)
    0x08002754   0x08002754   0x00000030   Code   RO          442    .text               c_w.l(_printf_char_common.o)
    0x08002784   0x08002784   0x0000000a   Code   RO          444    .text               c_w.l(_sputc.o)
    0x0800278e   0x0800278e   0x00000002   PAD
    0x08002790   0x08002790   0x000000bc   Code   RO          446    .text               c_w.l(_printf_wctomb.o)
    0x0800284c   0x0800284c   0x0000007c   Code   RO          449    .text               c_w.l(_printf_longlong_dec.o)
    0x080028c8   0x080028c8   0x00000070   Code   RO          455    .text               c_w.l(_printf_oct_int_ll.o)
    0x08002938   0x08002938   0x00000094   Code   RO          475    .text               c_w.l(_printf_hex_int_ll_ptr.o)
    0x080029cc   0x080029cc   0x00000188   Code   RO          495    .text               c_w.l(__printf_flags_ss_wp.o)
    0x08002b54   0x08002b54   0x0000008a   Code   RO          538    .text               c_w.l(lludiv10.o)
    0x08002bde   0x08002bde   0x000000b2   Code   RO          540    .text               c_w.l(_printf_intcommon.o)
    0x08002c90   0x08002c90   0x0000041e   Code   RO          542    .text               c_w.l(_printf_fp_dec.o)
    0x080030ae   0x080030ae   0x0000002c   Code   RO          546    .text               c_w.l(_printf_char.o)
    0x080030da   0x080030da   0x0000002c   Code   RO          548    .text               c_w.l(_printf_wchar.o)
    0x08003106   0x08003106   0x00000040   Code   RO          551    .text               c_w.l(_wcrtomb.o)
    0x08003146   0x08003146   0x0000004a   Code   RO          553    .text               c_w.l(sys_stackheap_outer.o)
    0x08003190   0x08003190   0x00000010   Code   RO          555    .text               c_w.l(rt_ctype_table.o)
    0x080031a0   0x080031a0   0x00000008   Code   RO          560    .text               c_w.l(rt_locale_intlibspace.o)
    0x080031a8   0x080031a8   0x00000080   Code   RO          562    .text               c_w.l(_printf_fp_infnan.o)
    0x08003228   0x08003228   0x000000e4   Code   RO          564    .text               c_w.l(bigflt0.o)
    0x0800330c   0x0800330c   0x00000012   Code   RO          592    .text               c_w.l(exit.o)
    0x0800331e   0x0800331e   0x00000002   PAD
    0x08003320   0x08003320   0x00000008   Code   RO          605    .text               c_w.l(libspace.o)
    0x08003328   0x08003328   0x00000080   Code   RO          613    .text               c_w.l(strcmpv7m.o)
    0x080033a8   0x080033a8   0x0000003e   Code   RO          567    CL$$btod_d2e        c_w.l(btod.o)
    0x080033e6   0x080033e6   0x00000046   Code   RO          569    CL$$btod_d2e_denorm_low  c_w.l(btod.o)
    0x0800342c   0x0800342c   0x00000060   Code   RO          568    CL$$btod_d2e_norm_op1  c_w.l(btod.o)
    0x0800348c   0x0800348c   0x00000338   Code   RO          577    CL$$btod_div_common  c_w.l(btod.o)
    0x080037c4   0x080037c4   0x000000dc   Code   RO          574    CL$$btod_e2e        c_w.l(btod.o)
    0x080038a0   0x080038a0   0x0000002a   Code   RO          571    CL$$btod_ediv       c_w.l(btod.o)
    0x080038ca   0x080038ca   0x0000002a   Code   RO          570    CL$$btod_emul       c_w.l(btod.o)
    0x080038f4   0x080038f4   0x00000244   Code   RO          576    CL$$btod_mult_common  c_w.l(btod.o)
    0x08003b38   0x08003b38   0x00000028   Code   RO          603    i.__ARM_fpclassify  m_ws.l(fpclassify.o)
    0x08003b60   0x08003b60   0x0000000e   Code   RO          488    i._is_digit         c_w.l(__printf_wp.o)
    0x08003b6e   0x08003b6e   0x00000002   PAD
    0x08003b70   0x08003b70   0x0000002c   Code   RO          590    locale$$code        c_w.l(lc_numeric_c.o)
    0x08003b9c   0x08003b9c   0x0000002c   Code   RO          611    locale$$code        c_w.l(lc_ctype_c.o)
    0x08003bc8   0x08003bc8   0x00000004   Code   RO          521    x$fpl$printf1       fz_ws.l(printf1.o)
    0x08003bcc   0x08003bcc   0x00000000   Code   RO          602    x$fpl$usenofp       fz_ws.l(usenofp.o)
    0x08003bcc   0x08003bcc   0x00000008   Data   RO          447    .constdata          c_w.l(_printf_wctomb.o)
    0x08003bd4   0x08003bd4   0x00000028   Data   RO          476    .constdata          c_w.l(_printf_hex_int_ll_ptr.o)
    0x08003bfc   0x08003bfc   0x00000011   Data   RO          496    .constdata          c_w.l(__printf_flags_ss_wp.o)
    0x08003c0d   0x08003c0d   0x00000003   PAD
    0x08003c10   0x08003c10   0x00000094   Data   RO          565    .constdata          c_w.l(bigflt0.o)
    0x08003ca4   0x08003ca4   0x00000020   Data   RO          735    Region$$Table       anon$$obj.o
    0x08003cc4   0x08003cc4   0x0000001c   Data   RO          589    locale$$data        c_w.l(lc_numeric_c.o)
    0x08003ce0   0x08003ce0   0x00000110   Data   RO          610    locale$$data        c_w.l(lc_ctype_c.o)


    Execution Region RW_IRAM1 (Exec base: 0x20000000, Load base: 0x08003df0, Size: 0x00000dd0, Max: 0x0000c000, ABSOLUTE)

    Exec Addr    Load Addr    Size         Type   Attr      Idx    E Section Name        Object

    0x20000000   0x08003df0   0x00000014   Data   RW          105    .data               system_stm32f10x.o
    0x20000014   0x08003e04   0x0000003b   Data   RW          124    .data               uartsend_use_int.o
    0x2000004f   0x08003e3f   0x00000001   Data   RW          206    .data               test.o
    0x20000050   0x08003e40   0x00000009   Data   RW          235    .data               test_uart.o
    0x20000059   0x08003e49   0x00000003   PAD
    0x2000005c   0x08003e4c   0x00000009   Data   RW          265    .data               timer.o
    0x20000065   0x08003e55   0x00000001   PAD
    0x20000066   0x08003e56   0x00000004   Data   RW          283    .data               delay.o
    0x2000006a   0x08003e5a   0x00000014   Data   RW          366    .data               stm32f10x_rcc.o
    0x2000007e   0x08003e6e   0x00000002   PAD
    0x20000080        -       0x00000068   Zero   RW          123    .bss                uartsend_use_int.o
    0x200000e8        -       0x00000682   Zero   RW          234    .bss                test_uart.o
    0x2000076a   0x08003e6e   0x00000002   PAD
    0x2000076c        -       0x00000060   Zero   RW          606    .bss                c_w.l(libspace.o)
    0x200007cc   0x08003e6e   0x00000004   PAD
    0x200007d0        -       0x00000200   Zero   RW          347    HEAP                startup_stm32f10x_hd.o
    0x200009d0        -       0x00000400   Zero   RW          346    STACK               startup_stm32f10x_hd.o


==============================================================================

Image component sizes


      Code (inc. data)   RO Data    RW Data    ZI Data      Debug   Object Name

       212         18          0          4          0       1071   delay.o
        80          8          0          0          0        479   led.o
       220         22          0          0          0       1829   misc.o
       254          0          0          0          0       3449   ringbuf.o
        64         26        304          0       1536        812   startup_stm32f10x_hd.o
       860         38          0          0          0       5761   stm32f10x_gpio.o
        26          0          0          0          0      49258   stm32f10x_it.o
       932         36          0         20          0       8956   stm32f10x_rcc.o
      3610         88          0          0          0      22872   stm32f10x_tim.o
      1032         22          0          0          0       8488   stm32f10x_usart.o
         0          0          0          0          0         32   sys.o
       480         38          0         20          0       1779   system_stm32f10x.o
        76          4          0          1          0       1588   test.o
       332         20          0          9       1666       3448   test_uart.o
       204         22          0          9          0       1832   timer.o
       396         88          0         59        104     207974   uartsend_use_int.o
       192         10          0          0          0       2655   usart.o

    ----------------------------------------------------------------------
      8972        440        336        128       3308     322283   Object Totals
         0          0         32          0          0          0   (incl. Generated)
         2          0          0          6          2          0   (incl. Padding)

    ----------------------------------------------------------------------

      Code (inc. data)   RO Data    RW Data    ZI Data      Debug   Library Member Name

         8          0          0          0          0         68   __main.o
       392          4         17          0          0         92   __printf_flags_ss_wp.o
        14          0          0          0          0         68   __printf_wp.o
         0          0          0          0          0          0   __rtentry.o
        12          0          0          0          0          0   __rtentry2.o
         6          0          0          0          0          0   __rtentry4.o
        52          8          0          0          0          0   __scatter.o
        26          0          0          0          0          0   __scatter_copy.o
        28          0          0          0          0          0   __scatter_zi.o
         6          0          0          0          0          0   _printf_a.o
         6          0          0          0          0          0   _printf_c.o
        44          0          0          0          0        108   _printf_char.o
        48          6          0          0          0         96   _printf_char_common.o
        40          0          0          0          0         68   _printf_charcount.o
         6          0          0          0          0          0   _printf_d.o
       120         16          0          0          0         92   _printf_dec.o
         6          0          0          0          0          0   _printf_e.o
         6          0          0          0          0          0   _printf_f.o
      1054          0          0          0          0        216   _printf_fp_dec.o
       128         16          0          0          0         84   _printf_fp_infnan.o
         6          0          0          0          0          0   _printf_g.o
       148          4         40          0          0        160   _printf_hex_int_ll_ptr.o
         6          0          0          0          0          0   _printf_i.o
       178          0          0          0          0         88   _printf_intcommon.o
        10          0          0          0          0          0   _printf_l.o
         6          0          0          0          0          0   _printf_lc.o
        10          0          0          0          0          0   _printf_ll.o
         6          0          0          0          0          0   _printf_lld.o
         6          0          0          0          0          0   _printf_lli.o
         6          0          0          0          0          0   _printf_llo.o
         6          0          0          0          0          0   _printf_llu.o
         6          0          0          0          0          0   _printf_llx.o
       124         16          0          0          0         92   _printf_longlong_dec.o
         6          0          0          0          0          0   _printf_ls.o
         6          0          0          0          0          0   _printf_n.o
         6          0          0          0          0          0   _printf_o.o
       112         10          0          0          0        124   _printf_oct_int_ll.o
         6          0          0          0          0          0   _printf_p.o
        78          0          0          0          0        108   _printf_pad.o
         0          0          0          0          0          0   _printf_percent.o
         4          0          0          0          0          0   _printf_percent_end.o
         6          0          0          0          0          0   _printf_s.o
        82          0          0          0          0         80   _printf_str.o
        36          0          0          0          0         84   _printf_truncate.o
         6          0          0          0          0          0   _printf_u.o
        44          0          0          0          0        108   _printf_wchar.o
       188          6          8          0          0         92   _printf_wctomb.o
         6          0          0          0          0          0   _printf_x.o
        10          0          0          0          0         68   _sputc.o
        64          0          0          0          0         92   _wcrtomb.o
       228          4        148          0          0         96   bigflt0.o
      1936        128          0          0          0        672   btod.o
        36          4          0          0          0         76   c89vsprintf.o
        18          0          0          0          0         80   exit.o
         6          0          0          0          0        152   heapauxi.o
        44         10        272          0          0         76   lc_ctype_c.o
        44         10         28          0          0         76   lc_numeric_c.o
         2          0          0          0          0          0   libinit.o
        30          0          0          0          0          0   libinit2.o
         2          0          0          0          0          0   libshutdown.o
         2          0          0          0          0          0   libshutdown2.o
         8          4          0          0         96         68   libspace.o
       138          0          0          0          0         80   lludiv10.o
        16          4          0          0          0         76   rt_ctype_table.o
         8          4          0          0          0         68   rt_locale_intlibspace.o
         2          0          0          0          0          0   rtexit.o
        10          0          0          0          0          0   rtexit2.o
       128          0          0          0          0         68   strcmpv7m.o
        62          0          0          0          0         76   strlen.o
        74          0          0          0          0         80   sys_stackheap_outer.o
         2          0          0          0          0         68   use_no_semi.o
         2          0          0          0          0         68   use_no_semi_2.o
         4          0          0          0          0         68   printf1.o
         0          0          0          0          0          0   usenofp.o
        40          0          0          0          0         68   fpclassify.o

    ----------------------------------------------------------------------
      6032        254        516          0        100       4004   Library Totals
        10          0          3          0          4          0   (incl. Padding)

    ----------------------------------------------------------------------

      Code (inc. data)   RO Data    RW Data    ZI Data      Debug   Library Name

      5978        254        513          0         96       3868   c_w.l
         4          0          0          0          0         68   fz_ws.l
        40          0          0          0          0         68   m_ws.l

    ----------------------------------------------------------------------
      6032        254        516          0        100       4004   Library Totals

    ----------------------------------------------------------------------

==============================================================================


      Code (inc. data)   RO Data    RW Data    ZI Data      Debug   

     15004        694        852        128       3408     322643   Grand Totals
     15004        694        852        128       3408     322643   ELF Image Totals
     15004        694        852        128          0          0   ROM Totals

==============================================================================

    Total RO  Size (Code + RO Data)                15856 (  15.48kB)
    Total RW  Size (RW Data + ZI Data)              3536 (   3.45kB)
    Total ROM Size (Code + RO Data + RW Data)      15984 (  15.61kB)

==============================================================================

